The target system is: Generic -  - cortexa9
The host system is: Linux - 6.6.87.2-microsoft-standard-WSL2 - x86_64
Compiling the C compiler identification source file "CMakeCCompilerId.c" succeeded.
Compiler: /opt/Xilinx/2025.2/Vitis/gnu/aarch32/lin/gcc-arm-none-eabi/bin/arm-none-eabi-gcc 
Build flags: ;-DSDT;-mcpu=cortex-a9;-mfpu=vfpv3;-mfloat-abi=hard;;-MMD;-MP;-specs=/home/andylang/fpga/fm_modem/fm_modem_app_platform/ps7_cortexa9_0/standalone_ps7_cortexa9_0/bsp/Xilinx.spec;-I/home/andylang/fpga/fm_modem/fm_modem_app_platform/ps7_cortexa9_0/standalone_ps7_cortexa9_0/bsp/include
Id flags:  

The output was:
0
/opt/Xilinx/2025.2/gnu/aarch32/lin/gcc-arm-none-eabi/x86_64-oesdk-linux/usr/bin/arm-xilinx-eabi/arm-xilinx-eabi-ld.real: warning: cannot find entry symbol _start; defaulting to 00008030


Compilation of the C compiler identification source "CMakeCCompilerId.c" produced "a-CMakeCCompilerId.d"

Compilation of the C compiler identification source "CMakeCCompilerId.c" produced "a.out"

The C compiler identification is GNU, found in "/home/andylang/fpga/fm_modem/fm_modem_app_platform/ps7_cortexa9_0/standalone_ps7_cortexa9_0/bsp/libsrc/build_configs/gen_bsp/CMakeFiles/3.24.2/CompilerIdC/a.out"

Compiling the CXX compiler identification source file "CMakeCXXCompilerId.cpp" succeeded.
Compiler: /opt/Xilinx/2025.2/Vitis/gnu/aarch32/lin/gcc-arm-none-eabi/bin/arm-none-eabi-g++ 
Build flags: ;-DSDT;-mcpu=cortex-a9;-mfpu=vfpv3;-mfloat-abi=hard;;-MMD;-MP;-specs=/home/andylang/fpga/fm_modem/fm_modem_app_platform/ps7_cortexa9_0/standalone_ps7_cortexa9_0/bsp/Xilinx.spec;-I/home/andylang/fpga/fm_modem/fm_modem_app_platform/ps7_cortexa9_0/standalone_ps7_cortexa9_0/bsp/include
Id flags:  

The output was:
0
/opt/Xilinx/2025.2/gnu/aarch32/lin/gcc-arm-none-eabi/x86_64-oesdk-linux/usr/bin/arm-xilinx-eabi/arm-xilinx-eabi-ld.real: warning: cannot find entry symbol _start; defaulting to 00008030


Compilation of the CXX compiler identification source "CMakeCXXCompilerId.cpp" produced "a-CMakeCXXCompilerId.d"

Compilation of the CXX compiler identification source "CMakeCXXCompilerId.cpp" produced "a.out"

The CXX compiler identification is GNU, found in "/home/andylang/fpga/fm_modem/fm_modem_app_platform/ps7_cortexa9_0/standalone_ps7_cortexa9_0/bsp/libsrc/build_configs/gen_bsp/CMakeFiles/3.24.2/CompilerIdCXX/a.out"

Detecting C compiler ABI info compiled with the following output:
Change Dir: /home/andylang/fpga/fm_modem/fm_modem_app_platform/ps7_cortexa9_0/standalone_ps7_cortexa9_0/bsp/libsrc/build_configs/gen_bsp/CMakeFiles/CMakeTmp

Run Build Command(s):/opt/Xilinx/2025.2/Vitis/bin/ninja cmTC_8c727 && [1/2] Building C object CMakeFiles/cmTC_8c727.dir/CMakeCCompilerABI.c.obj
Using built-in specs.
Reading specs from /home/andylang/fpga/fm_modem/fm_modem_app_platform/ps7_cortexa9_0/standalone_ps7_cortexa9_0/bsp/Xilinx.spec
COLLECT_GCC=/opt/Xilinx/2025.2/Vitis/gnu/aarch32/lin/gcc-arm-none-eabi/bin/../x86_64-oesdk-linux/usr/bin/arm-xilinx-eabi/arm-xilinx-eabi-gcc.real
Target: arm-xilinx-eabi
Configured with: ../../../../../../work-shared/gcc-13.3.0-r0/gcc-13.3.0/configure --build=x86_64-linux --host=x86_64-oesdk-linux --target=arm-xilinx-eabi --prefix=/usr/local/oe-sdk-hardcoded-buildpath/sysroots/x86_64-oesdk-linux/usr --exec_prefix=/usr/local/oe-sdk-hardcoded-buildpath/sysroots/x86_64-oesdk-linux/usr --bindir=/usr/local/oe-sdk-hardcoded-buildpath/sysroots/x86_64-oesdk-linux/usr/bin/arm-xilinx-eabi --sbindir=/usr/local/oe-sdk-hardcoded-buildpath/sysroots/x86_64-oesdk-linux/usr/bin/arm-xilinx-eabi --libexecdir=/usr/local/oe-sdk-hardcoded-buildpath/sysroots/x86_64-oesdk-linux/usr/libexec/arm-xilinx-eabi --datadir=/usr/local/oe-sdk-hardcoded-buildpath/sysroots/x86_64-oesdk-linux/usr/share --sysconfdir=/usr/local/oe-sdk-hardcoded-buildpath/sysroots/x86_64-oesdk-linux/etc --sharedstatedir=/usr/local/oe-sdk-hardcoded-buildpath/sysroots/x86_64-oesdk-linux/com --localstatedir=/usr/local/oe-sdk-hardcoded-buildpath/sysroots/x86_64-oesdk-linux/var --libdir=/usr/local/oe-sdk-hardcoded-buildpath/sysroots/x86_64-oesdk-linux/usr/lib/arm-xilinx-eabi --includedir=/usr/local/oe-sdk-hardcoded-buildpath/sysroots/x86_64-oesdk-linux/usr/include --oldincludedir=/usr/local/oe-sdk-hardcoded-buildpath/sysroots/x86_64-oesdk-linux/usr/include --infodir=/usr/local/oe-sdk-hardcoded-buildpath/sysroots/x86_64-oesdk-linux/usr/share/info --mandir=/usr/local/oe-sdk-hardcoded-buildpath/sysroots/x86_64-oesdk-linux/usr/share/man --disable-silent-rules --disable-dependency-tracking --with-libtool-sysroot=/host --with-gnu-ld --enable-shared --enable-languages=c,c++,fortran --enable-threads=posix --enable-multilib --enable-c99 --enable-long-long --enable-libstdcxx-pch --program-prefix=arm-xilinx-eabi- --without-local-prefix --disable-install-libiberty --disable-libssp --enable-libitm --enable-lto --disable-bootstrap --with-system-zlib --enable-linker-build-id --with-ppl=no --with-cloog=no --enable-checking=release --enable-cheaders=c_global --without-isl --with-gxx-include-dir=/not/exist/usr/include/c++/13.3.0 --with-build-time-tools=/host-native/usr/arm-xilinx-eabi/bin --with-sysroot=/not/exist --with-build-sysroot=/host --with-plugin-ld=ld --enable-poison-system-directories --disable-static --enable-nls --with-glibc-version=2.28 --enable-initfini-array --with-multilib-list=aprofile --enable-multilib --disable-libstdcxx-pch --with-newlib --disable-threads --enable-plugins --with-gnu-as --disable-libitm --disable-tm-clone-registry --with-sysroot=/not/exist
Thread model: single
Supported LTO compression algorithms: zlib zstd
gcc version 13.3.0 (GCC) 
COLLECT_GCC_OPTIONS='--sysroot=/opt/Xilinx/2025.2/Vitis/gnu/aarch32/lin/gcc-arm-none-eabi/bin/../aarch32-xilinx-eabi' '-D' 'SDT' '-mcpu=cortex-a9' '-mfpu=vfpv3' '-mfloat-abi=hard' '-MMD' '-MP' '-specs=/home/andylang/fpga/fm_modem/fm_modem_app_platform/ps7_cortexa9_0/standalone_ps7_cortexa9_0/bsp/Xilinx.spec' '-I' '/home/andylang/fpga/fm_modem/fm_modem_app_platform/ps7_cortexa9_0/standalone_ps7_cortexa9_0/bsp/include' '-v' '-o' 'CMakeFiles/cmTC_8c727.dir/CMakeCCompilerABI.c.obj' '-c' '-marm' '-mlibarch=armv7-a+mp+sec+vfpv3' '-march=armv7-a+mp+sec+vfpv3' '-dumpdir' 'CMakeFiles/cmTC_8c727.dir/'
 /opt/Xilinx/2025.2/gnu/aarch32/lin/gcc-arm-none-eabi/x86_64-oesdk-linux/usr/bin/arm-xilinx-eabi/../../libexec/arm-xilinx-eabi/gcc/arm-xilinx-eabi/13.3.0/cc1 -quiet -v -I /home/andylang/fpga/fm_modem/fm_modem_app_platform/ps7_cortexa9_0/standalone_ps7_cortexa9_0/bsp/include -imultilib thumb/v7-a+fp/hard -iprefix /opt/Xilinx/2025.2/gnu/aarch32/lin/gcc-arm-none-eabi/x86_64-oesdk-linux/usr/bin/arm-xilinx-eabi/../../lib/arm-xilinx-eabi/gcc/arm-xilinx-eabi/13.3.0/ -isysroot /opt/Xilinx/2025.2/Vitis/gnu/aarch32/lin/gcc-arm-none-eabi/bin/../aarch32-xilinx-eabi -MMD CMakeFiles/cmTC_8c727.dir/CMakeCCompilerABI.c.d -MP -MQ CMakeFiles/cmTC_8c727.dir/CMakeCCompilerABI.c.obj -D__USES_INITFINI__ -D SDT /opt/Xilinx/2025.2/tps/lnx64/cmake-3.24.2/share/cmake-3.24/Modules/CMakeCCompilerABI.c -quiet -dumpdir CMakeFiles/cmTC_8c727.dir/ -dumpbase CMakeCCompilerABI.c.c -dumpbase-ext .c -mcpu=cortex-a9 -mfpu=vfpv3 -mfloat-abi=hard -marm -mlibarch=armv7-a+mp+sec+vfpv3 -march=armv7-a+mp+sec+vfpv3 -version -o /tmp/ccW0OV9d.s
GNU C17 (GCC) version 13.3.0 (arm-xilinx-eabi)
	compiled by GNU C version 13.3.0, GMP version 6.3.0, MPFR version 4.2.1, MPC version 1.3.1, isl version none
GGC heuristics: --param ggc-min-expand=100 --param ggc-min-heapsize=131072
ignoring nonexistent directory "/opt/Xilinx/2025.2/gnu/aarch32/lin/gcc-arm-none-eabi/x86_64-oesdk-linux/usr/bin/arm-xilinx-eabi/../../lib/arm-xilinx-eabi/gcc/arm-xilinx-eabi/13.3.0/../../../../../arm-xilinx-eabi/include"
ignoring duplicate directory "/opt/Xilinx/2025.2/gnu/aarch32/lin/gcc-arm-none-eabi/x86_64-oesdk-linux/usr/bin/arm-xilinx-eabi/../../lib/arm-xilinx-eabi/gcc/../../../lib/arm-xilinx-eabi/gcc/arm-xilinx-eabi/13.3.0/include"
ignoring nonexistent directory "/opt/Xilinx/2025.2/Vitis/gnu/aarch32/lin/gcc-arm-none-eabi/bin/../aarch32-xilinx-eabi/usr/lib/arm-xilinx-eabi/13.3.0/include"
ignoring nonexistent directory "/opt/Xilinx/2025.2/Vitis/gnu/aarch32/lin/gcc-arm-none-eabi/bin/../aarch32-xilinx-eabi/usr/local/include"
ignoring duplicate directory "/opt/Xilinx/2025.2/gnu/aarch32/lin/gcc-arm-none-eabi/x86_64-oesdk-linux/usr/bin/arm-xilinx-eabi/../../lib/arm-xilinx-eabi/gcc/../../../lib/arm-xilinx-eabi/gcc/arm-xilinx-eabi/13.3.0/include-fixed"
ignoring nonexistent directory "/opt/Xilinx/2025.2/gnu/aarch32/lin/gcc-arm-none-eabi/x86_64-oesdk-linux/usr/bin/arm-xilinx-eabi/../../lib/arm-xilinx-eabi/gcc/../../../lib/arm-xilinx-eabi/gcc/arm-xilinx-eabi/13.3.0/../../../../../arm-xilinx-eabi/include"
#include "..." search starts here:
#include <...> search starts here:
 /home/andylang/fpga/fm_modem/fm_modem_app_platform/ps7_cortexa9_0/standalone_ps7_cortexa9_0/bsp/include
 /opt/Xilinx/2025.2/gnu/aarch32/lin/gcc-arm-none-eabi/x86_64-oesdk-linux/usr/bin/arm-xilinx-eabi/../../lib/arm-xilinx-eabi/gcc/arm-xilinx-eabi/13.3.0/include
 /opt/Xilinx/2025.2/gnu/aarch32/lin/gcc-arm-none-eabi/x86_64-oesdk-linux/usr/bin/arm-xilinx-eabi/../../lib/arm-xilinx-eabi/gcc/arm-xilinx-eabi/13.3.0/include-fixed
 /opt/Xilinx/2025.2/Vitis/gnu/aarch32/lin/gcc-arm-none-eabi/bin/../aarch32-xilinx-eabi/usr/include/
End of search list.
Compiler executable checksum: 3bea3c60b2ba840cf42bff5c9a3b3ebb
COLLECT_GCC_OPTIONS='--sysroot=/opt/Xilinx/2025.2/Vitis/gnu/aarch32/lin/gcc-arm-none-eabi/bin/../aarch32-xilinx-eabi' '-D' 'SDT' '-mcpu=cortex-a9' '-mfpu=vfpv3' '-mfloat-abi=hard' '-MMD' '-MP' '-specs=/home/andylang/fpga/fm_modem/fm_modem_app_platform/ps7_cortexa9_0/standalone_ps7_cortexa9_0/bsp/Xilinx.spec' '-I' '/home/andylang/fpga/fm_modem/fm_modem_app_platform/ps7_cortexa9_0/standalone_ps7_cortexa9_0/bsp/include' '-v' '-o' 'CMakeFiles/cmTC_8c727.dir/CMakeCCompilerABI.c.obj' '-c' '-marm' '-mlibarch=armv7-a+mp+sec+vfpv3' '-march=armv7-a+mp+sec+vfpv3' '-dumpdir' 'CMakeFiles/cmTC_8c727.dir/'
 /opt/Xilinx/2025.2/gnu/aarch32/lin/gcc-arm-none-eabi/x86_64-oesdk-linux/usr/bin/arm-xilinx-eabi/../../libexec/arm-xilinx-eabi/gcc/arm-xilinx-eabi/13.3.0/as -v -I /home/andylang/fpga/fm_modem/fm_modem_app_platform/ps7_cortexa9_0/standalone_ps7_cortexa9_0/bsp/include -march=armv7-a+mp+sec+vfpv3 -mfloat-abi=hard -mfpu=vfpv3 -meabi=5 -o CMakeFiles/cmTC_8c727.dir/CMakeCCompilerABI.c.obj /tmp/ccW0OV9d.s
GNU assembler version 2.42.0 (arm-xilinx-eabi) using BFD version (GNU Binutils) 2.42.0.20240723
COMPILER_PATH=/opt/Xilinx/2025.2/gnu/aarch32/lin/gcc-arm-none-eabi/x86_64-oesdk-linux/usr/bin/arm-xilinx-eabi/../../libexec/arm-xilinx-eabi/gcc/arm-xilinx-eabi/13.3.0/:/opt/Xilinx/2025.2/gnu/aarch32/lin/gcc-arm-none-eabi/x86_64-oesdk-linux/usr/bin/arm-xilinx-eabi/../../libexec/arm-xilinx-eabi/gcc/
LIBRARY_PATH=/opt/Xilinx/2025.2/Vitis/gnu/aarch32/lin/gcc-arm-none-eabi/bin/../aarch32-xilinx-eabi/usr/lib/thumb/v7-a+fp/hard/:/opt/Xilinx/2025.2/gnu/aarch32/lin/gcc-arm-none-eabi/x86_64-oesdk-linux/usr/bin/arm-xilinx-eabi/../../lib/arm-xilinx-eabi/gcc/arm-xilinx-eabi/13.3.0/:/opt/Xilinx/2025.2/gnu/aarch32/lin/gcc-arm-none-eabi/x86_64-oesdk-linux/usr/bin/arm-xilinx-eabi/../../lib/arm-xilinx-eabi/gcc/:/opt/Xilinx/2025.2/Vitis/gnu/aarch32/lin/gcc-arm-none-eabi/bin/../aarch32-xilinx-eabi/usr/lib/arm-xilinx-eabi/13.3.0/:/opt/Xilinx/2025.2/Vitis/gnu/aarch32/lin/gcc-arm-none-eabi/bin/../aarch32-xilinx-eabi/usr/lib/
COLLECT_GCC_OPTIONS='--sysroot=/opt/Xilinx/2025.2/Vitis/gnu/aarch32/lin/gcc-arm-none-eabi/bin/../aarch32-xilinx-eabi' '-D' 'SDT' '-mcpu=cortex-a9' '-mfpu=vfpv3' '-mfloat-abi=hard' '-MMD' '-MP' '-specs=/home/andylang/fpga/fm_modem/fm_modem_app_platform/ps7_cortexa9_0/standalone_ps7_cortexa9_0/bsp/Xilinx.spec' '-I' '/home/andylang/fpga/fm_modem/fm_modem_app_platform/ps7_cortexa9_0/standalone_ps7_cortexa9_0/bsp/include' '-v' '-o' 'CMakeFiles/cmTC_8c727.dir/CMakeCCompilerABI.c.obj' '-c' '-marm' '-mlibarch=armv7-a+mp+sec+vfpv3' '-march=armv7-a+mp+sec+vfpv3' '-dumpdir' 'CMakeFiles/cmTC_8c727.dir/CMakeCCompilerABI.c.'
[2/2] Linking C executable cmTC_8c727
Using built-in specs.
Reading specs from /home/andylang/fpga/fm_modem/fm_modem_app_platform/ps7_cortexa9_0/standalone_ps7_cortexa9_0/bsp/Xilinx.spec
COLLECT_GCC=/opt/Xilinx/2025.2/Vitis/gnu/aarch32/lin/gcc-arm-none-eabi/bin/../x86_64-oesdk-linux/usr/bin/arm-xilinx-eabi/arm-xilinx-eabi-gcc.real
COLLECT_LTO_WRAPPER=/opt/Xilinx/2025.2/gnu/aarch32/lin/gcc-arm-none-eabi/x86_64-oesdk-linux/usr/bin/arm-xilinx-eabi/../../libexec/arm-xilinx-eabi/gcc/arm-xilinx-eabi/13.3.0/lto-wrapper
Target: arm-xilinx-eabi
Configured with: ../../../../../../work-shared/gcc-13.3.0-r0/gcc-13.3.0/configure --build=x86_64-linux --host=x86_64-oesdk-linux --target=arm-xilinx-eabi --prefix=/usr/local/oe-sdk-hardcoded-buildpath/sysroots/x86_64-oesdk-linux/usr --exec_prefix=/usr/local/oe-sdk-hardcoded-buildpath/sysroots/x86_64-oesdk-linux/usr --bindir=/usr/local/oe-sdk-hardcoded-buildpath/sysroots/x86_64-oesdk-linux/usr/bin/arm-xilinx-eabi --sbindir=/usr/local/oe-sdk-hardcoded-buildpath/sysroots/x86_64-oesdk-linux/usr/bin/arm-xilinx-eabi --libexecdir=/usr/local/oe-sdk-hardcoded-buildpath/sysroots/x86_64-oesdk-linux/usr/libexec/arm-xilinx-eabi --datadir=/usr/local/oe-sdk-hardcoded-buildpath/sysroots/x86_64-oesdk-linux/usr/share --sysconfdir=/usr/local/oe-sdk-hardcoded-buildpath/sysroots/x86_64-oesdk-linux/etc --sharedstatedir=/usr/local/oe-sdk-hardcoded-buildpath/sysroots/x86_64-oesdk-linux/com --localstatedir=/usr/local/oe-sdk-hardcoded-buildpath/sysroots/x86_64-oesdk-linux/var --libdir=/usr/local/oe-sdk-hardcoded-buildpath/sysroots/x86_64-oesdk-linux/usr/lib/arm-xilinx-eabi --includedir=/usr/local/oe-sdk-hardcoded-buildpath/sysroots/x86_64-oesdk-linux/usr/include --oldincludedir=/usr/local/oe-sdk-hardcoded-buildpath/sysroots/x86_64-oesdk-linux/usr/include --infodir=/usr/local/oe-sdk-hardcoded-buildpath/sysroots/x86_64-oesdk-linux/usr/share/info --mandir=/usr/local/oe-sdk-hardcoded-buildpath/sysroots/x86_64-oesdk-linux/usr/share/man --disable-silent-rules --disable-dependency-tracking --with-libtool-sysroot=/host --with-gnu-ld --enable-shared --enable-languages=c,c++,fortran --enable-threads=posix --enable-multilib --enable-c99 --enable-long-long --enable-libstdcxx-pch --program-prefix=arm-xilinx-eabi- --without-local-prefix --disable-install-libiberty --disable-libssp --enable-libitm --enable-lto --disable-bootstrap --with-system-zlib --enable-linker-build-id --with-ppl=no --with-cloog=no --enable-checking=release --enable-cheaders=c_global --without-isl --with-gxx-include-dir=/not/exist/usr/include/c++/13.3.0 --with-build-time-tools=/host-native/usr/arm-xilinx-eabi/bin --with-sysroot=/not/exist --with-build-sysroot=/host --with-plugin-ld=ld --enable-poison-system-directories --disable-static --enable-nls --with-glibc-version=2.28 --enable-initfini-array --with-multilib-list=aprofile --enable-multilib --disable-libstdcxx-pch --with-newlib --disable-threads --enable-plugins --with-gnu-as --disable-libitm --disable-tm-clone-registry --with-sysroot=/not/exist
Thread model: single
Supported LTO compression algorithms: zlib zstd
gcc version 13.3.0 (GCC) 
COMPILER_PATH=/opt/Xilinx/2025.2/gnu/aarch32/lin/gcc-arm-none-eabi/x86_64-oesdk-linux/usr/bin/arm-xilinx-eabi/../../libexec/arm-xilinx-eabi/gcc/arm-xilinx-eabi/13.3.0/:/opt/Xilinx/2025.2/gnu/aarch32/lin/gcc-arm-none-eabi/x86_64-oesdk-linux/usr/bin/arm-xilinx-eabi/../../libexec/arm-xilinx-eabi/gcc/
LIBRARY_PATH=/opt/Xilinx/2025.2/Vitis/gnu/aarch32/lin/gcc-arm-none-eabi/bin/../aarch32-xilinx-eabi/usr/lib/thumb/v7-a+fp/hard/:/opt/Xilinx/2025.2/gnu/aarch32/lin/gcc-arm-none-eabi/x86_64-oesdk-linux/usr/bin/arm-xilinx-eabi/../../lib/arm-xilinx-eabi/gcc/arm-xilinx-eabi/13.3.0/:/opt/Xilinx/2025.2/gnu/aarch32/lin/gcc-arm-none-eabi/x86_64-oesdk-linux/usr/bin/arm-xilinx-eabi/../../lib/arm-xilinx-eabi/gcc/:/opt/Xilinx/2025.2/Vitis/gnu/aarch32/lin/gcc-arm-none-eabi/bin/../aarch32-xilinx-eabi/usr/lib/arm-xilinx-eabi/13.3.0/:/opt/Xilinx/2025.2/Vitis/gnu/aarch32/lin/gcc-arm-none-eabi/bin/../aarch32-xilinx-eabi/usr/lib/
COLLECT_GCC_OPTIONS='--sysroot=/opt/Xilinx/2025.2/Vitis/gnu/aarch32/lin/gcc-arm-none-eabi/bin/../aarch32-xilinx-eabi' '-D' 'SDT' '-mcpu=cortex-a9' '-mfpu=vfpv3' '-mfloat-abi=hard' '-MMD' '-MP' '-specs=/home/andylang/fpga/fm_modem/fm_modem_app_platform/ps7_cortexa9_0/standalone_ps7_cortexa9_0/bsp/Xilinx.spec' '-I' '/home/andylang/fpga/fm_modem/fm_modem_app_platform/ps7_cortexa9_0/standalone_ps7_cortexa9_0/bsp/include' '-v' '-o' 'cmTC_8c727' '-marm' '-mlibarch=armv7-a+mp+sec+vfpv3' '-march=armv7-a+mp+sec+vfpv3' '-dumpdir' 'cmTC_8c727.'
 /opt/Xilinx/2025.2/gnu/aarch32/lin/gcc-arm-none-eabi/x86_64-oesdk-linux/usr/bin/arm-xilinx-eabi/../../libexec/arm-xilinx-eabi/gcc/arm-xilinx-eabi/13.3.0/collect2 -plugin /opt/Xilinx/2025.2/gnu/aarch32/lin/gcc-arm-none-eabi/x86_64-oesdk-linux/usr/bin/arm-xilinx-eabi/../../libexec/arm-xilinx-eabi/gcc/arm-xilinx-eabi/13.3.0/liblto_plugin.so -plugin-opt=/opt/Xilinx/2025.2/gnu/aarch32/lin/gcc-arm-none-eabi/x86_64-oesdk-linux/usr/bin/arm-xilinx-eabi/../../libexec/arm-xilinx-eabi/gcc/arm-xilinx-eabi/13.3.0/lto-wrapper -plugin-opt=-fresolution=/tmp/ccy5eUrs.res -plugin-opt=-pass-through=-lgcc -plugin-opt=-pass-through=-lc --sysroot=/opt/Xilinx/2025.2/Vitis/gnu/aarch32/lin/gcc-arm-none-eabi/bin/../aarch32-xilinx-eabi --build-id -X -o cmTC_8c727 /opt/Xilinx/2025.2/Vitis/gnu/aarch32/lin/gcc-arm-none-eabi/bin/../aarch32-xilinx-eabi/usr/lib/thumb/v7-a+fp/hard/crti.o /opt/Xilinx/2025.2/Vitis/gnu/aarch32/lin/gcc-arm-none-eabi/bin/../aarch32-xilinx-eabi/usr/lib/thumb/v7-a+fp/hard/crtbegin.o -L/opt/Xilinx/2025.2/Vitis/gnu/aarch32/lin/gcc-arm-none-eabi/bin/../aarch32-xilinx-eabi/usr/lib/thumb/v7-a+fp/hard -L/opt/Xilinx/2025.2/gnu/aarch32/lin/gcc-arm-none-eabi/x86_64-oesdk-linux/usr/bin/arm-xilinx-eabi/../../lib/arm-xilinx-eabi/gcc/arm-xilinx-eabi/13.3.0 -L/opt/Xilinx/2025.2/gnu/aarch32/lin/gcc-arm-none-eabi/x86_64-oesdk-linux/usr/bin/arm-xilinx-eabi/../../lib/arm-xilinx-eabi/gcc -L/opt/Xilinx/2025.2/Vitis/gnu/aarch32/lin/gcc-arm-none-eabi/bin/../aarch32-xilinx-eabi/usr/lib/arm-xilinx-eabi/13.3.0 -L/opt/Xilinx/2025.2/Vitis/gnu/aarch32/lin/gcc-arm-none-eabi/bin/../aarch32-xilinx-eabi/usr/lib --no-warn-rwx-segment CMakeFiles/cmTC_8c727.dir/CMakeCCompilerABI.c.obj --start-group -lgcc -lc --end-group /opt/Xilinx/2025.2/Vitis/gnu/aarch32/lin/gcc-arm-none-eabi/bin/../aarch32-xilinx-eabi/usr/lib/thumb/v7-a+fp/hard/crtend.o /opt/Xilinx/2025.2/Vitis/gnu/aarch32/lin/gcc-arm-none-eabi/bin/../aarch32-xilinx-eabi/usr/lib/thumb/v7-a+fp/hard/crtn.o
/opt/Xilinx/2025.2/gnu/aarch32/lin/gcc-arm-none-eabi/x86_64-oesdk-linux/usr/bin/arm-xilinx-eabi/arm-xilinx-eabi-ld.real: warning: cannot find entry symbol _start; defaulting to 00008030
COLLECT_GCC_OPTIONS='--sysroot=/opt/Xilinx/2025.2/Vitis/gnu/aarch32/lin/gcc-arm-none-eabi/bin/../aarch32-xilinx-eabi' '-D' 'SDT' '-mcpu=cortex-a9' '-mfpu=vfpv3' '-mfloat-abi=hard' '-MMD' '-MP' '-specs=/home/andylang/fpga/fm_modem/fm_modem_app_platform/ps7_cortexa9_0/standalone_ps7_cortexa9_0/bsp/Xilinx.spec' '-I' '/home/andylang/fpga/fm_modem/fm_modem_app_platform/ps7_cortexa9_0/standalone_ps7_cortexa9_0/bsp/include' '-v' '-o' 'cmTC_8c727' '-marm' '-mlibarch=armv7-a+mp+sec+vfpv3' '-march=armv7-a+mp+sec+vfpv3' '-dumpdir' 'cmTC_8c727.'



Parsed C implicit include dir info from above output: rv=done
  found start of include info
  found start of implicit include info
    add: [/home/andylang/fpga/fm_modem/fm_modem_app_platform/ps7_cortexa9_0/standalone_ps7_cortexa9_0/bsp/include]
    add: [/opt/Xilinx/2025.2/gnu/aarch32/lin/gcc-arm-none-eabi/x86_64-oesdk-linux/usr/bin/arm-xilinx-eabi/../../lib/arm-xilinx-eabi/gcc/arm-xilinx-eabi/13.3.0/include]
    add: [/opt/Xilinx/2025.2/gnu/aarch32/lin/gcc-arm-none-eabi/x86_64-oesdk-linux/usr/bin/arm-xilinx-eabi/../../lib/arm-xilinx-eabi/gcc/arm-xilinx-eabi/13.3.0/include-fixed]
    add: [/opt/Xilinx/2025.2/Vitis/gnu/aarch32/lin/gcc-arm-none-eabi/bin/../aarch32-xilinx-eabi/usr/include/]
  end of search list found
  collapse include dir [/home/andylang/fpga/fm_modem/fm_modem_app_platform/ps7_cortexa9_0/standalone_ps7_cortexa9_0/bsp/include] ==> [/home/andylang/fpga/fm_modem/fm_modem_app_platform/ps7_cortexa9_0/standalone_ps7_cortexa9_0/bsp/include]
  collapse include dir [/opt/Xilinx/2025.2/gnu/aarch32/lin/gcc-arm-none-eabi/x86_64-oesdk-linux/usr/bin/arm-xilinx-eabi/../../lib/arm-xilinx-eabi/gcc/arm-xilinx-eabi/13.3.0/include] ==> [/opt/Xilinx/2025.2/gnu/aarch32/lin/gcc-arm-none-eabi/x86_64-oesdk-linux/usr/lib/arm-xilinx-eabi/gcc/arm-xilinx-eabi/13.3.0/include]
  collapse include dir [/opt/Xilinx/2025.2/gnu/aarch32/lin/gcc-arm-none-eabi/x86_64-oesdk-linux/usr/bin/arm-xilinx-eabi/../../lib/arm-xilinx-eabi/gcc/arm-xilinx-eabi/13.3.0/include-fixed] ==> [/opt/Xilinx/2025.2/gnu/aarch32/lin/gcc-arm-none-eabi/x86_64-oesdk-linux/usr/lib/arm-xilinx-eabi/gcc/arm-xilinx-eabi/13.3.0/include-fixed]
  collapse include dir [/opt/Xilinx/2025.2/Vitis/gnu/aarch32/lin/gcc-arm-none-eabi/bin/../aarch32-xilinx-eabi/usr/include/] ==> [/opt/Xilinx/2025.2/Vitis/gnu/aarch32/lin/gcc-arm-none-eabi/aarch32-xilinx-eabi/usr/include]
  implicit include dirs: [/home/andylang/fpga/fm_modem/fm_modem_app_platform/ps7_cortexa9_0/standalone_ps7_cortexa9_0/bsp/include;/opt/Xilinx/2025.2/gnu/aarch32/lin/gcc-arm-none-eabi/x86_64-oesdk-linux/usr/lib/arm-xilinx-eabi/gcc/arm-xilinx-eabi/13.3.0/include;/opt/Xilinx/2025.2/gnu/aarch32/lin/gcc-arm-none-eabi/x86_64-oesdk-linux/usr/lib/arm-xilinx-eabi/gcc/arm-xilinx-eabi/13.3.0/include-fixed;/opt/Xilinx/2025.2/Vitis/gnu/aarch32/lin/gcc-arm-none-eabi/aarch32-xilinx-eabi/usr/include]


Parsed C implicit link information from above output:
  link line regex: [^( *|.*[/\])(arm-none-eabi-ld|CMAKE_LINK_STARTFILE-NOTFOUND|([^/\]+-)?ld|collect2)[^/\]*( |$)]
  ignore line: [Change Dir: /home/andylang/fpga/fm_modem/fm_modem_app_platform/ps7_cortexa9_0/standalone_ps7_cortexa9_0/bsp/libsrc/build_configs/gen_bsp/CMakeFiles/CMakeTmp]
  ignore line: []
  ignore line: [Run Build Command(s):/opt/Xilinx/2025.2/Vitis/bin/ninja cmTC_8c727 && [1/2] Building C object CMakeFiles/cmTC_8c727.dir/CMakeCCompilerABI.c.obj]
  ignore line: [Using built-in specs.]
  ignore line: [Reading specs from /home/andylang/fpga/fm_modem/fm_modem_app_platform/ps7_cortexa9_0/standalone_ps7_cortexa9_0/bsp/Xilinx.spec]
  ignore line: [COLLECT_GCC=/opt/Xilinx/2025.2/Vitis/gnu/aarch32/lin/gcc-arm-none-eabi/bin/../x86_64-oesdk-linux/usr/bin/arm-xilinx-eabi/arm-xilinx-eabi-gcc.real]
  ignore line: [Target: arm-xilinx-eabi]
  ignore line: [Configured with: ../../../../../../work-shared/gcc-13.3.0-r0/gcc-13.3.0/configure --build=x86_64-linux --host=x86_64-oesdk-linux --target=arm-xilinx-eabi --prefix=/usr/local/oe-sdk-hardcoded-buildpath/sysroots/x86_64-oesdk-linux/usr --exec_prefix=/usr/local/oe-sdk-hardcoded-buildpath/sysroots/x86_64-oesdk-linux/usr --bindir=/usr/local/oe-sdk-hardcoded-buildpath/sysroots/x86_64-oesdk-linux/usr/bin/arm-xilinx-eabi --sbindir=/usr/local/oe-sdk-hardcoded-buildpath/sysroots/x86_64-oesdk-linux/usr/bin/arm-xilinx-eabi --libexecdir=/usr/local/oe-sdk-hardcoded-buildpath/sysroots/x86_64-oesdk-linux/usr/libexec/arm-xilinx-eabi --datadir=/usr/local/oe-sdk-hardcoded-buildpath/sysroots/x86_64-oesdk-linux/usr/share --sysconfdir=/usr/local/oe-sdk-hardcoded-buildpath/sysroots/x86_64-oesdk-linux/etc --sharedstatedir=/usr/local/oe-sdk-hardcoded-buildpath/sysroots/x86_64-oesdk-linux/com --localstatedir=/usr/local/oe-sdk-hardcoded-buildpath/sysroots/x86_64-oesdk-linux/var --libdir=/usr/local/oe-sdk-hardcoded-buildpath/sysroots/x86_64-oesdk-linux/usr/lib/arm-xilinx-eabi --includedir=/usr/local/oe-sdk-hardcoded-buildpath/sysroots/x86_64-oesdk-linux/usr/include --oldincludedir=/usr/local/oe-sdk-hardcoded-buildpath/sysroots/x86_64-oesdk-linux/usr/include --infodir=/usr/local/oe-sdk-hardcoded-buildpath/sysroots/x86_64-oesdk-linux/usr/share/info --mandir=/usr/local/oe-sdk-hardcoded-buildpath/sysroots/x86_64-oesdk-linux/usr/share/man --disable-silent-rules --disable-dependency-tracking --with-libtool-sysroot=/host --with-gnu-ld --enable-shared --enable-languages=c,c++,fortran --enable-threads=posix --enable-multilib --enable-c99 --enable-long-long --enable-libstdcxx-pch --program-prefix=arm-xilinx-eabi- --without-local-prefix --disable-install-libiberty --disable-libssp --enable-libitm --enable-lto --disable-bootstrap --with-system-zlib --enable-linker-build-id --with-ppl=no --with-cloog=no --enable-checking=release --enable-cheaders=c_global --without-isl --with-gxx-include-dir=/not/exist/usr/include/c++/13.3.0 --with-build-time-tools=/host-native/usr/arm-xilinx-eabi/bin --with-sysroot=/not/exist --with-build-sysroot=/host --with-plugin-ld=ld --enable-poison-system-directories --disable-static --enable-nls --with-glibc-version=2.28 --enable-initfini-array --with-multilib-list=aprofile --enable-multilib --disable-libstdcxx-pch --with-newlib --disable-threads --enable-plugins --with-gnu-as --disable-libitm --disable-tm-clone-registry --with-sysroot=/not/exist]
  ignore line: [Thread model: single]
  ignore line: [Supported LTO compression algorithms: zlib zstd]
  ignore line: [gcc version 13.3.0 (GCC) ]
  ignore line: [COLLECT_GCC_OPTIONS='--sysroot=/opt/Xilinx/2025.2/Vitis/gnu/aarch32/lin/gcc-arm-none-eabi/bin/../aarch32-xilinx-eabi' '-D' 'SDT' '-mcpu=cortex-a9' '-mfpu=vfpv3' '-mfloat-abi=hard' '-MMD' '-MP' '-specs=/home/andylang/fpga/fm_modem/fm_modem_app_platform/ps7_cortexa9_0/standalone_ps7_cortexa9_0/bsp/Xilinx.spec' '-I' '/home/andylang/fpga/fm_modem/fm_modem_app_platform/ps7_cortexa9_0/standalone_ps7_cortexa9_0/bsp/include' '-v' '-o' 'CMakeFiles/cmTC_8c727.dir/CMakeCCompilerABI.c.obj' '-c' '-marm' '-mlibarch=armv7-a+mp+sec+vfpv3' '-march=armv7-a+mp+sec+vfpv3' '-dumpdir' 'CMakeFiles/cmTC_8c727.dir/']
  ignore line: [ /opt/Xilinx/2025.2/gnu/aarch32/lin/gcc-arm-none-eabi/x86_64-oesdk-linux/usr/bin/arm-xilinx-eabi/../../libexec/arm-xilinx-eabi/gcc/arm-xilinx-eabi/13.3.0/cc1 -quiet -v -I /home/andylang/fpga/fm_modem/fm_modem_app_platform/ps7_cortexa9_0/standalone_ps7_cortexa9_0/bsp/include -imultilib thumb/v7-a+fp/hard -iprefix /opt/Xilinx/2025.2/gnu/aarch32/lin/gcc-arm-none-eabi/x86_64-oesdk-linux/usr/bin/arm-xilinx-eabi/../../lib/arm-xilinx-eabi/gcc/arm-xilinx-eabi/13.3.0/ -isysroot /opt/Xilinx/2025.2/Vitis/gnu/aarch32/lin/gcc-arm-none-eabi/bin/../aarch32-xilinx-eabi -MMD CMakeFiles/cmTC_8c727.dir/CMakeCCompilerABI.c.d -MP -MQ CMakeFiles/cmTC_8c727.dir/CMakeCCompilerABI.c.obj -D__USES_INITFINI__ -D SDT /opt/Xilinx/2025.2/tps/lnx64/cmake-3.24.2/share/cmake-3.24/Modules/CMakeCCompilerABI.c -quiet -dumpdir CMakeFiles/cmTC_8c727.dir/ -dumpbase CMakeCCompilerABI.c.c -dumpbase-ext .c -mcpu=cortex-a9 -mfpu=vfpv3 -mfloat-abi=hard -marm -mlibarch=armv7-a+mp+sec+vfpv3 -march=armv7-a+mp+sec+vfpv3 -version -o /tmp/ccW0OV9d.s]
  ignore line: [GNU C17 (GCC) version 13.3.0 (arm-xilinx-eabi)]
  ignore line: [	compiled by GNU C version 13.3.0  GMP version 6.3.0  MPFR version 4.2.1  MPC version 1.3.1  isl version none]
  ignore line: [GGC heuristics: --param ggc-min-expand=100 --param ggc-min-heapsize=131072]
  ignore line: [ignoring nonexistent directory "/opt/Xilinx/2025.2/gnu/aarch32/lin/gcc-arm-none-eabi/x86_64-oesdk-linux/usr/bin/arm-xilinx-eabi/../../lib/arm-xilinx-eabi/gcc/arm-xilinx-eabi/13.3.0/../../../../../arm-xilinx-eabi/include"]
  ignore line: [ignoring duplicate directory "/opt/Xilinx/2025.2/gnu/aarch32/lin/gcc-arm-none-eabi/x86_64-oesdk-linux/usr/bin/arm-xilinx-eabi/../../lib/arm-xilinx-eabi/gcc/../../../lib/arm-xilinx-eabi/gcc/arm-xilinx-eabi/13.3.0/include"]
  ignore line: [ignoring nonexistent directory "/opt/Xilinx/2025.2/Vitis/gnu/aarch32/lin/gcc-arm-none-eabi/bin/../aarch32-xilinx-eabi/usr/lib/arm-xilinx-eabi/13.3.0/include"]
  ignore line: [ignoring nonexistent directory "/opt/Xilinx/2025.2/Vitis/gnu/aarch32/lin/gcc-arm-none-eabi/bin/../aarch32-xilinx-eabi/usr/local/include"]
  ignore line: [ignoring duplicate directory "/opt/Xilinx/2025.2/gnu/aarch32/lin/gcc-arm-none-eabi/x86_64-oesdk-linux/usr/bin/arm-xilinx-eabi/../../lib/arm-xilinx-eabi/gcc/../../../lib/arm-xilinx-eabi/gcc/arm-xilinx-eabi/13.3.0/include-fixed"]
  ignore line: [ignoring nonexistent directory "/opt/Xilinx/2025.2/gnu/aarch32/lin/gcc-arm-none-eabi/x86_64-oesdk-linux/usr/bin/arm-xilinx-eabi/../../lib/arm-xilinx-eabi/gcc/../../../lib/arm-xilinx-eabi/gcc/arm-xilinx-eabi/13.3.0/../../../../../arm-xilinx-eabi/include"]
  ignore line: [#include "..." search starts here:]
  ignore line: [#include <...> search starts here:]
  ignore line: [ /home/andylang/fpga/fm_modem/fm_modem_app_platform/ps7_cortexa9_0/standalone_ps7_cortexa9_0/bsp/include]
  ignore line: [ /opt/Xilinx/2025.2/gnu/aarch32/lin/gcc-arm-none-eabi/x86_64-oesdk-linux/usr/bin/arm-xilinx-eabi/../../lib/arm-xilinx-eabi/gcc/arm-xilinx-eabi/13.3.0/include]
  ignore line: [ /opt/Xilinx/2025.2/gnu/aarch32/lin/gcc-arm-none-eabi/x86_64-oesdk-linux/usr/bin/arm-xilinx-eabi/../../lib/arm-xilinx-eabi/gcc/arm-xilinx-eabi/13.3.0/include-fixed]
  ignore line: [ /opt/Xilinx/2025.2/Vitis/gnu/aarch32/lin/gcc-arm-none-eabi/bin/../aarch32-xilinx-eabi/usr/include/]
  ignore line: [End of search list.]
  ignore line: [Compiler executable checksum: 3bea3c60b2ba840cf42bff5c9a3b3ebb]
  ignore line: [COLLECT_GCC_OPTIONS='--sysroot=/opt/Xilinx/2025.2/Vitis/gnu/aarch32/lin/gcc-arm-none-eabi/bin/../aarch32-xilinx-eabi' '-D' 'SDT' '-mcpu=cortex-a9' '-mfpu=vfpv3' '-mfloat-abi=hard' '-MMD' '-MP' '-specs=/home/andylang/fpga/fm_modem/fm_modem_app_platform/ps7_cortexa9_0/standalone_ps7_cortexa9_0/bsp/Xilinx.spec' '-I' '/home/andylang/fpga/fm_modem/fm_modem_app_platform/ps7_cortexa9_0/standalone_ps7_cortexa9_0/bsp/include' '-v' '-o' 'CMakeFiles/cmTC_8c727.dir/CMakeCCompilerABI.c.obj' '-c' '-marm' '-mlibarch=armv7-a+mp+sec+vfpv3' '-march=armv7-a+mp+sec+vfpv3' '-dumpdir' 'CMakeFiles/cmTC_8c727.dir/']
  ignore line: [ /opt/Xilinx/2025.2/gnu/aarch32/lin/gcc-arm-none-eabi/x86_64-oesdk-linux/usr/bin/arm-xilinx-eabi/../../libexec/arm-xilinx-eabi/gcc/arm-xilinx-eabi/13.3.0/as -v -I /home/andylang/fpga/fm_modem/fm_modem_app_platform/ps7_cortexa9_0/standalone_ps7_cortexa9_0/bsp/include -march=armv7-a+mp+sec+vfpv3 -mfloat-abi=hard -mfpu=vfpv3 -meabi=5 -o CMakeFiles/cmTC_8c727.dir/CMakeCCompilerABI.c.obj /tmp/ccW0OV9d.s]
  ignore line: [GNU assembler version 2.42.0 (arm-xilinx-eabi) using BFD version (GNU Binutils) 2.42.0.20240723]
  ignore line: [COMPILER_PATH=/opt/Xilinx/2025.2/gnu/aarch32/lin/gcc-arm-none-eabi/x86_64-oesdk-linux/usr/bin/arm-xilinx-eabi/../../libexec/arm-xilinx-eabi/gcc/arm-xilinx-eabi/13.3.0/:/opt/Xilinx/2025.2/gnu/aarch32/lin/gcc-arm-none-eabi/x86_64-oesdk-linux/usr/bin/arm-xilinx-eabi/../../libexec/arm-xilinx-eabi/gcc/]
  ignore line: [LIBRARY_PATH=/opt/Xilinx/2025.2/Vitis/gnu/aarch32/lin/gcc-arm-none-eabi/bin/../aarch32-xilinx-eabi/usr/lib/thumb/v7-a+fp/hard/:/opt/Xilinx/2025.2/gnu/aarch32/lin/gcc-arm-none-eabi/x86_64-oesdk-linux/usr/bin/arm-xilinx-eabi/../../lib/arm-xilinx-eabi/gcc/arm-xilinx-eabi/13.3.0/:/opt/Xilinx/2025.2/gnu/aarch32/lin/gcc-arm-none-eabi/x86_64-oesdk-linux/usr/bin/arm-xilinx-eabi/../../lib/arm-xilinx-eabi/gcc/:/opt/Xilinx/2025.2/Vitis/gnu/aarch32/lin/gcc-arm-none-eabi/bin/../aarch32-xilinx-eabi/usr/lib/arm-xilinx-eabi/13.3.0/:/opt/Xilinx/2025.2/Vitis/gnu/aarch32/lin/gcc-arm-none-eabi/bin/../aarch32-xilinx-eabi/usr/lib/]
  ignore line: [COLLECT_GCC_OPTIONS='--sysroot=/opt/Xilinx/2025.2/Vitis/gnu/aarch32/lin/gcc-arm-none-eabi/bin/../aarch32-xilinx-eabi' '-D' 'SDT' '-mcpu=cortex-a9' '-mfpu=vfpv3' '-mfloat-abi=hard' '-MMD' '-MP' '-specs=/home/andylang/fpga/fm_modem/fm_modem_app_platform/ps7_cortexa9_0/standalone_ps7_cortexa9_0/bsp/Xilinx.spec' '-I' '/home/andylang/fpga/fm_modem/fm_modem_app_platform/ps7_cortexa9_0/standalone_ps7_cortexa9_0/bsp/include' '-v' '-o' 'CMakeFiles/cmTC_8c727.dir/CMakeCCompilerABI.c.obj' '-c' '-marm' '-mlibarch=armv7-a+mp+sec+vfpv3' '-march=armv7-a+mp+sec+vfpv3' '-dumpdir' 'CMakeFiles/cmTC_8c727.dir/CMakeCCompilerABI.c.']
  ignore line: [[2/2] Linking C executable cmTC_8c727]
  ignore line: [Using built-in specs.]
  ignore line: [Reading specs from /home/andylang/fpga/fm_modem/fm_modem_app_platform/ps7_cortexa9_0/standalone_ps7_cortexa9_0/bsp/Xilinx.spec]
  ignore line: [COLLECT_GCC=/opt/Xilinx/2025.2/Vitis/gnu/aarch32/lin/gcc-arm-none-eabi/bin/../x86_64-oesdk-linux/usr/bin/arm-xilinx-eabi/arm-xilinx-eabi-gcc.real]
  ignore line: [COLLECT_LTO_WRAPPER=/opt/Xilinx/2025.2/gnu/aarch32/lin/gcc-arm-none-eabi/x86_64-oesdk-linux/usr/bin/arm-xilinx-eabi/../../libexec/arm-xilinx-eabi/gcc/arm-xilinx-eabi/13.3.0/lto-wrapper]
  ignore line: [Target: arm-xilinx-eabi]
  ignore line: [Configured with: ../../../../../../work-shared/gcc-13.3.0-r0/gcc-13.3.0/configure --build=x86_64-linux --host=x86_64-oesdk-linux --target=arm-xilinx-eabi --prefix=/usr/local/oe-sdk-hardcoded-buildpath/sysroots/x86_64-oesdk-linux/usr --exec_prefix=/usr/local/oe-sdk-hardcoded-buildpath/sysroots/x86_64-oesdk-linux/usr --bindir=/usr/local/oe-sdk-hardcoded-buildpath/sysroots/x86_64-oesdk-linux/usr/bin/arm-xilinx-eabi --sbindir=/usr/local/oe-sdk-hardcoded-buildpath/sysroots/x86_64-oesdk-linux/usr/bin/arm-xilinx-eabi --libexecdir=/usr/local/oe-sdk-hardcoded-buildpath/sysroots/x86_64-oesdk-linux/usr/libexec/arm-xilinx-eabi --datadir=/usr/local/oe-sdk-hardcoded-buildpath/sysroots/x86_64-oesdk-linux/usr/share --sysconfdir=/usr/local/oe-sdk-hardcoded-buildpath/sysroots/x86_64-oesdk-linux/etc --sharedstatedir=/usr/local/oe-sdk-hardcoded-buildpath/sysroots/x86_64-oesdk-linux/com --localstatedir=/usr/local/oe-sdk-hardcoded-buildpath/sysroots/x86_64-oesdk-linux/var --libdir=/usr/local/oe-sdk-hardcoded-buildpath/sysroots/x86_64-oesdk-linux/usr/lib/arm-xilinx-eabi --includedir=/usr/local/oe-sdk-hardcoded-buildpath/sysroots/x86_64-oesdk-linux/usr/include --oldincludedir=/usr/local/oe-sdk-hardcoded-buildpath/sysroots/x86_64-oesdk-linux/usr/include --infodir=/usr/local/oe-sdk-hardcoded-buildpath/sysroots/x86_64-oesdk-linux/usr/share/info --mandir=/usr/local/oe-sdk-hardcoded-buildpath/sysroots/x86_64-oesdk-linux/usr/share/man --disable-silent-rules --disable-dependency-tracking --with-libtool-sysroot=/host --with-gnu-ld --enable-shared --enable-languages=c,c++,fortran --enable-threads=posix --enable-multilib --enable-c99 --enable-long-long --enable-libstdcxx-pch --program-prefix=arm-xilinx-eabi- --without-local-prefix --disable-install-libiberty --disable-libssp --enable-libitm --enable-lto --disable-bootstrap --with-system-zlib --enable-linker-build-id --with-ppl=no --with-cloog=no --enable-checking=release --enable-cheaders=c_global --without-isl --with-gxx-include-dir=/not/exist/usr/include/c++/13.3.0 --with-build-time-tools=/host-native/usr/arm-xilinx-eabi/bin --with-sysroot=/not/exist --with-build-sysroot=/host --with-plugin-ld=ld --enable-poison-system-directories --disable-static --enable-nls --with-glibc-version=2.28 --enable-initfini-array --with-multilib-list=aprofile --enable-multilib --disable-libstdcxx-pch --with-newlib --disable-threads --enable-plugins --with-gnu-as --disable-libitm --disable-tm-clone-registry --with-sysroot=/not/exist]
  ignore line: [Thread model: single]
  ignore line: [Supported LTO compression algorithms: zlib zstd]
  ignore line: [gcc version 13.3.0 (GCC) ]
  ignore line: [COMPILER_PATH=/opt/Xilinx/2025.2/gnu/aarch32/lin/gcc-arm-none-eabi/x86_64-oesdk-linux/usr/bin/arm-xilinx-eabi/../../libexec/arm-xilinx-eabi/gcc/arm-xilinx-eabi/13.3.0/:/opt/Xilinx/2025.2/gnu/aarch32/lin/gcc-arm-none-eabi/x86_64-oesdk-linux/usr/bin/arm-xilinx-eabi/../../libexec/arm-xilinx-eabi/gcc/]
  ignore line: [LIBRARY_PATH=/opt/Xilinx/2025.2/Vitis/gnu/aarch32/lin/gcc-arm-none-eabi/bin/../aarch32-xilinx-eabi/usr/lib/thumb/v7-a+fp/hard/:/opt/Xilinx/2025.2/gnu/aarch32/lin/gcc-arm-none-eabi/x86_64-oesdk-linux/usr/bin/arm-xilinx-eabi/../../lib/arm-xilinx-eabi/gcc/arm-xilinx-eabi/13.3.0/:/opt/Xilinx/2025.2/gnu/aarch32/lin/gcc-arm-none-eabi/x86_64-oesdk-linux/usr/bin/arm-xilinx-eabi/../../lib/arm-xilinx-eabi/gcc/:/opt/Xilinx/2025.2/Vitis/gnu/aarch32/lin/gcc-arm-none-eabi/bin/../aarch32-xilinx-eabi/usr/lib/arm-xilinx-eabi/13.3.0/:/opt/Xilinx/2025.2/Vitis/gnu/aarch32/lin/gcc-arm-none-eabi/bin/../aarch32-xilinx-eabi/usr/lib/]
  ignore line: [COLLECT_GCC_OPTIONS='--sysroot=/opt/Xilinx/2025.2/Vitis/gnu/aarch32/lin/gcc-arm-none-eabi/bin/../aarch32-xilinx-eabi' '-D' 'SDT' '-mcpu=cortex-a9' '-mfpu=vfpv3' '-mfloat-abi=hard' '-MMD' '-MP' '-specs=/home/andylang/fpga/fm_modem/fm_modem_app_platform/ps7_cortexa9_0/standalone_ps7_cortexa9_0/bsp/Xilinx.spec' '-I' '/home/andylang/fpga/fm_modem/fm_modem_app_platform/ps7_cortexa9_0/standalone_ps7_cortexa9_0/bsp/include' '-v' '-o' 'cmTC_8c727' '-marm' '-mlibarch=armv7-a+mp+sec+vfpv3' '-march=armv7-a+mp+sec+vfpv3' '-dumpdir' 'cmTC_8c727.']
  link line: [ /opt/Xilinx/2025.2/gnu/aarch32/lin/gcc-arm-none-eabi/x86_64-oesdk-linux/usr/bin/arm-xilinx-eabi/../../libexec/arm-xilinx-eabi/gcc/arm-xilinx-eabi/13.3.0/collect2 -plugin /opt/Xilinx/2025.2/gnu/aarch32/lin/gcc-arm-none-eabi/x86_64-oesdk-linux/usr/bin/arm-xilinx-eabi/../../libexec/arm-xilinx-eabi/gcc/arm-xilinx-eabi/13.3.0/liblto_plugin.so -plugin-opt=/opt/Xilinx/2025.2/gnu/aarch32/lin/gcc-arm-none-eabi/x86_64-oesdk-linux/usr/bin/arm-xilinx-eabi/../../libexec/arm-xilinx-eabi/gcc/arm-xilinx-eabi/13.3.0/lto-wrapper -plugin-opt=-fresolution=/tmp/ccy5eUrs.res -plugin-opt=-pass-through=-lgcc -plugin-opt=-pass-through=-lc --sysroot=/opt/Xilinx/2025.2/Vitis/gnu/aarch32/lin/gcc-arm-none-eabi/bin/../aarch32-xilinx-eabi --build-id -X -o cmTC_8c727 /opt/Xilinx/2025.2/Vitis/gnu/aarch32/lin/gcc-arm-none-eabi/bin/../aarch32-xilinx-eabi/usr/lib/thumb/v7-a+fp/hard/crti.o /opt/Xilinx/2025.2/Vitis/gnu/aarch32/lin/gcc-arm-none-eabi/bin/../aarch32-xilinx-eabi/usr/lib/thumb/v7-a+fp/hard/crtbegin.o -L/opt/Xilinx/2025.2/Vitis/gnu/aarch32/lin/gcc-arm-none-eabi/bin/../aarch32-xilinx-eabi/usr/lib/thumb/v7-a+fp/hard -L/opt/Xilinx/2025.2/gnu/aarch32/lin/gcc-arm-none-eabi/x86_64-oesdk-linux/usr/bin/arm-xilinx-eabi/../../lib/arm-xilinx-eabi/gcc/arm-xilinx-eabi/13.3.0 -L/opt/Xilinx/2025.2/gnu/aarch32/lin/gcc-arm-none-eabi/x86_64-oesdk-linux/usr/bin/arm-xilinx-eabi/../../lib/arm-xilinx-eabi/gcc -L/opt/Xilinx/2025.2/Vitis/gnu/aarch32/lin/gcc-arm-none-eabi/bin/../aarch32-xilinx-eabi/usr/lib/arm-xilinx-eabi/13.3.0 -L/opt/Xilinx/2025.2/Vitis/gnu/aarch32/lin/gcc-arm-none-eabi/bin/../aarch32-xilinx-eabi/usr/lib --no-warn-rwx-segment CMakeFiles/cmTC_8c727.dir/CMakeCCompilerABI.c.obj --start-group -lgcc -lc --end-group /opt/Xilinx/2025.2/Vitis/gnu/aarch32/lin/gcc-arm-none-eabi/bin/../aarch32-xilinx-eabi/usr/lib/thumb/v7-a+fp/hard/crtend.o /opt/Xilinx/2025.2/Vitis/gnu/aarch32/lin/gcc-arm-none-eabi/bin/../aarch32-xilinx-eabi/usr/lib/thumb/v7-a+fp/hard/crtn.o]
    arg [/opt/Xilinx/2025.2/gnu/aarch32/lin/gcc-arm-none-eabi/x86_64-oesdk-linux/usr/bin/arm-xilinx-eabi/../../libexec/arm-xilinx-eabi/gcc/arm-xilinx-eabi/13.3.0/collect2] ==> ignore
    arg [-plugin] ==> ignore
    arg [/opt/Xilinx/2025.2/gnu/aarch32/lin/gcc-arm-none-eabi/x86_64-oesdk-linux/usr/bin/arm-xilinx-eabi/../../libexec/arm-xilinx-eabi/gcc/arm-xilinx-eabi/13.3.0/liblto_plugin.so] ==> ignore
    arg [-plugin-opt=/opt/Xilinx/2025.2/gnu/aarch32/lin/gcc-arm-none-eabi/x86_64-oesdk-linux/usr/bin/arm-xilinx-eabi/../../libexec/arm-xilinx-eabi/gcc/arm-xilinx-eabi/13.3.0/lto-wrapper] ==> ignore
    arg [-plugin-opt=-fresolution=/tmp/ccy5eUrs.res] ==> ignore
    arg [-plugin-opt=-pass-through=-lgcc] ==> ignore
    arg [-plugin-opt=-pass-through=-lc] ==> ignore
    arg [--sysroot=/opt/Xilinx/2025.2/Vitis/gnu/aarch32/lin/gcc-arm-none-eabi/bin/../aarch32-xilinx-eabi] ==> ignore
    arg [--build-id] ==> ignore
    arg [-X] ==> ignore
    arg [-o] ==> ignore
    arg [cmTC_8c727] ==> ignore
    arg [/opt/Xilinx/2025.2/Vitis/gnu/aarch32/lin/gcc-arm-none-eabi/bin/../aarch32-xilinx-eabi/usr/lib/thumb/v7-a+fp/hard/crti.o] ==> obj [/opt/Xilinx/2025.2/Vitis/gnu/aarch32/lin/gcc-arm-none-eabi/bin/../aarch32-xilinx-eabi/usr/lib/thumb/v7-a+fp/hard/crti.o]
    arg [/opt/Xilinx/2025.2/Vitis/gnu/aarch32/lin/gcc-arm-none-eabi/bin/../aarch32-xilinx-eabi/usr/lib/thumb/v7-a+fp/hard/crtbegin.o] ==> obj [/opt/Xilinx/2025.2/Vitis/gnu/aarch32/lin/gcc-arm-none-eabi/bin/../aarch32-xilinx-eabi/usr/lib/thumb/v7-a+fp/hard/crtbegin.o]
    arg [-L/opt/Xilinx/2025.2/Vitis/gnu/aarch32/lin/gcc-arm-none-eabi/bin/../aarch32-xilinx-eabi/usr/lib/thumb/v7-a+fp/hard] ==> dir [/opt/Xilinx/2025.2/Vitis/gnu/aarch32/lin/gcc-arm-none-eabi/bin/../aarch32-xilinx-eabi/usr/lib/thumb/v7-a+fp/hard]
    arg [-L/opt/Xilinx/2025.2/gnu/aarch32/lin/gcc-arm-none-eabi/x86_64-oesdk-linux/usr/bin/arm-xilinx-eabi/../../lib/arm-xilinx-eabi/gcc/arm-xilinx-eabi/13.3.0] ==> dir [/opt/Xilinx/2025.2/gnu/aarch32/lin/gcc-arm-none-eabi/x86_64-oesdk-linux/usr/bin/arm-xilinx-eabi/../../lib/arm-xilinx-eabi/gcc/arm-xilinx-eabi/13.3.0]
    arg [-L/opt/Xilinx/2025.2/gnu/aarch32/lin/gcc-arm-none-eabi/x86_64-oesdk-linux/usr/bin/arm-xilinx-eabi/../../lib/arm-xilinx-eabi/gcc] ==> dir [/opt/Xilinx/2025.2/gnu/aarch32/lin/gcc-arm-none-eabi/x86_64-oesdk-linux/usr/bin/arm-xilinx-eabi/../../lib/arm-xilinx-eabi/gcc]
    arg [-L/opt/Xilinx/2025.2/Vitis/gnu/aarch32/lin/gcc-arm-none-eabi/bin/../aarch32-xilinx-eabi/usr/lib/arm-xilinx-eabi/13.3.0] ==> dir [/opt/Xilinx/2025.2/Vitis/gnu/aarch32/lin/gcc-arm-none-eabi/bin/../aarch32-xilinx-eabi/usr/lib/arm-xilinx-eabi/13.3.0]
    arg [-L/opt/Xilinx/2025.2/Vitis/gnu/aarch32/lin/gcc-arm-none-eabi/bin/../aarch32-xilinx-eabi/usr/lib] ==> dir [/opt/Xilinx/2025.2/Vitis/gnu/aarch32/lin/gcc-arm-none-eabi/bin/../aarch32-xilinx-eabi/usr/lib]
    arg [--no-warn-rwx-segment] ==> ignore
    arg [CMakeFiles/cmTC_8c727.dir/CMakeCCompilerABI.c.obj] ==> ignore
    arg [--start-group] ==> ignore
    arg [-lgcc] ==> lib [gcc]
    arg [-lc] ==> lib [c]
    arg [--end-group] ==> ignore
    arg [/opt/Xilinx/2025.2/Vitis/gnu/aarch32/lin/gcc-arm-none-eabi/bin/../aarch32-xilinx-eabi/usr/lib/thumb/v7-a+fp/hard/crtend.o] ==> obj [/opt/Xilinx/2025.2/Vitis/gnu/aarch32/lin/gcc-arm-none-eabi/bin/../aarch32-xilinx-eabi/usr/lib/thumb/v7-a+fp/hard/crtend.o]
    arg [/opt/Xilinx/2025.2/Vitis/gnu/aarch32/lin/gcc-arm-none-eabi/bin/../aarch32-xilinx-eabi/usr/lib/thumb/v7-a+fp/hard/crtn.o] ==> obj [/opt/Xilinx/2025.2/Vitis/gnu/aarch32/lin/gcc-arm-none-eabi/bin/../aarch32-xilinx-eabi/usr/lib/thumb/v7-a+fp/hard/crtn.o]
  collapse obj [/opt/Xilinx/2025.2/Vitis/gnu/aarch32/lin/gcc-arm-none-eabi/bin/../aarch32-xilinx-eabi/usr/lib/thumb/v7-a+fp/hard/crti.o] ==> [/opt/Xilinx/2025.2/Vitis/gnu/aarch32/lin/gcc-arm-none-eabi/aarch32-xilinx-eabi/usr/lib/thumb/v7-a+fp/hard/crti.o]
  collapse obj [/opt/Xilinx/2025.2/Vitis/gnu/aarch32/lin/gcc-arm-none-eabi/bin/../aarch32-xilinx-eabi/usr/lib/thumb/v7-a+fp/hard/crtbegin.o] ==> [/opt/Xilinx/2025.2/Vitis/gnu/aarch32/lin/gcc-arm-none-eabi/aarch32-xilinx-eabi/usr/lib/thumb/v7-a+fp/hard/crtbegin.o]
  collapse obj [/opt/Xilinx/2025.2/Vitis/gnu/aarch32/lin/gcc-arm-none-eabi/bin/../aarch32-xilinx-eabi/usr/lib/thumb/v7-a+fp/hard/crtend.o] ==> [/opt/Xilinx/2025.2/Vitis/gnu/aarch32/lin/gcc-arm-none-eabi/aarch32-xilinx-eabi/usr/lib/thumb/v7-a+fp/hard/crtend.o]
  collapse obj [/opt/Xilinx/2025.2/Vitis/gnu/aarch32/lin/gcc-arm-none-eabi/bin/../aarch32-xilinx-eabi/usr/lib/thumb/v7-a+fp/hard/crtn.o] ==> [/opt/Xilinx/2025.2/Vitis/gnu/aarch32/lin/gcc-arm-none-eabi/aarch32-xilinx-eabi/usr/lib/thumb/v7-a+fp/hard/crtn.o]
  collapse library dir [/opt/Xilinx/2025.2/Vitis/gnu/aarch32/lin/gcc-arm-none-eabi/bin/../aarch32-xilinx-eabi/usr/lib/thumb/v7-a+fp/hard] ==> [/opt/Xilinx/2025.2/Vitis/gnu/aarch32/lin/gcc-arm-none-eabi/aarch32-xilinx-eabi/usr/lib/thumb/v7-a+fp/hard]
  collapse library dir [/opt/Xilinx/2025.2/gnu/aarch32/lin/gcc-arm-none-eabi/x86_64-oesdk-linux/usr/bin/arm-xilinx-eabi/../../lib/arm-xilinx-eabi/gcc/arm-xilinx-eabi/13.3.0] ==> [/opt/Xilinx/2025.2/gnu/aarch32/lin/gcc-arm-none-eabi/x86_64-oesdk-linux/usr/lib/arm-xilinx-eabi/gcc/arm-xilinx-eabi/13.3.0]
  collapse library dir [/opt/Xilinx/2025.2/gnu/aarch32/lin/gcc-arm-none-eabi/x86_64-oesdk-linux/usr/bin/arm-xilinx-eabi/../../lib/arm-xilinx-eabi/gcc] ==> [/opt/Xilinx/2025.2/gnu/aarch32/lin/gcc-arm-none-eabi/x86_64-oesdk-linux/usr/lib/arm-xilinx-eabi/gcc]
  collapse library dir [/opt/Xilinx/2025.2/Vitis/gnu/aarch32/lin/gcc-arm-none-eabi/bin/../aarch32-xilinx-eabi/usr/lib/arm-xilinx-eabi/13.3.0] ==> [/opt/Xilinx/2025.2/Vitis/gnu/aarch32/lin/gcc-arm-none-eabi/aarch32-xilinx-eabi/usr/lib/arm-xilinx-eabi/13.3.0]
  collapse library dir [/opt/Xilinx/2025.2/Vitis/gnu/aarch32/lin/gcc-arm-none-eabi/bin/../aarch32-xilinx-eabi/usr/lib] ==> [/opt/Xilinx/2025.2/Vitis/gnu/aarch32/lin/gcc-arm-none-eabi/aarch32-xilinx-eabi/usr/lib]
  implicit libs: [gcc;c]
  implicit objs: [/opt/Xilinx/2025.2/Vitis/gnu/aarch32/lin/gcc-arm-none-eabi/aarch32-xilinx-eabi/usr/lib/thumb/v7-a+fp/hard/crti.o;/opt/Xilinx/2025.2/Vitis/gnu/aarch32/lin/gcc-arm-none-eabi/aarch32-xilinx-eabi/usr/lib/thumb/v7-a+fp/hard/crtbegin.o;/opt/Xilinx/2025.2/Vitis/gnu/aarch32/lin/gcc-arm-none-eabi/aarch32-xilinx-eabi/usr/lib/thumb/v7-a+fp/hard/crtend.o;/opt/Xilinx/2025.2/Vitis/gnu/aarch32/lin/gcc-arm-none-eabi/aarch32-xilinx-eabi/usr/lib/thumb/v7-a+fp/hard/crtn.o]
  implicit dirs: [/opt/Xilinx/2025.2/Vitis/gnu/aarch32/lin/gcc-arm-none-eabi/aarch32-xilinx-eabi/usr/lib/thumb/v7-a+fp/hard;/opt/Xilinx/2025.2/gnu/aarch32/lin/gcc-arm-none-eabi/x86_64-oesdk-linux/usr/lib/arm-xilinx-eabi/gcc/arm-xilinx-eabi/13.3.0;/opt/Xilinx/2025.2/gnu/aarch32/lin/gcc-arm-none-eabi/x86_64-oesdk-linux/usr/lib/arm-xilinx-eabi/gcc;/opt/Xilinx/2025.2/Vitis/gnu/aarch32/lin/gcc-arm-none-eabi/aarch32-xilinx-eabi/usr/lib/arm-xilinx-eabi/13.3.0;/opt/Xilinx/2025.2/Vitis/gnu/aarch32/lin/gcc-arm-none-eabi/aarch32-xilinx-eabi/usr/lib]
  implicit fwks: []


Detecting CXX compiler ABI info compiled with the following output:
Change Dir: /home/andylang/fpga/fm_modem/fm_modem_app_platform/ps7_cortexa9_0/standalone_ps7_cortexa9_0/bsp/libsrc/build_configs/gen_bsp/CMakeFiles/CMakeTmp

Run Build Command(s):/opt/Xilinx/2025.2/Vitis/bin/ninja cmTC_5060d && [1/2] Building CXX object CMakeFiles/cmTC_5060d.dir/CMakeCXXCompilerABI.cpp.obj
Using built-in specs.
Reading specs from /home/andylang/fpga/fm_modem/fm_modem_app_platform/ps7_cortexa9_0/standalone_ps7_cortexa9_0/bsp/Xilinx.spec
COLLECT_GCC=/opt/Xilinx/2025.2/Vitis/gnu/aarch32/lin/gcc-arm-none-eabi/bin/../x86_64-oesdk-linux/usr/bin/arm-xilinx-eabi/arm-xilinx-eabi-g++.real
Target: arm-xilinx-eabi
Configured with: ../../../../../../work-shared/gcc-13.3.0-r0/gcc-13.3.0/configure --build=x86_64-linux --host=x86_64-oesdk-linux --target=arm-xilinx-eabi --prefix=/usr/local/oe-sdk-hardcoded-buildpath/sysroots/x86_64-oesdk-linux/usr --exec_prefix=/usr/local/oe-sdk-hardcoded-buildpath/sysroots/x86_64-oesdk-linux/usr --bindir=/usr/local/oe-sdk-hardcoded-buildpath/sysroots/x86_64-oesdk-linux/usr/bin/arm-xilinx-eabi --sbindir=/usr/local/oe-sdk-hardcoded-buildpath/sysroots/x86_64-oesdk-linux/usr/bin/arm-xilinx-eabi --libexecdir=/usr/local/oe-sdk-hardcoded-buildpath/sysroots/x86_64-oesdk-linux/usr/libexec/arm-xilinx-eabi --datadir=/usr/local/oe-sdk-hardcoded-buildpath/sysroots/x86_64-oesdk-linux/usr/share --sysconfdir=/usr/local/oe-sdk-hardcoded-buildpath/sysroots/x86_64-oesdk-linux/etc --sharedstatedir=/usr/local/oe-sdk-hardcoded-buildpath/sysroots/x86_64-oesdk-linux/com --localstatedir=/usr/local/oe-sdk-hardcoded-buildpath/sysroots/x86_64-oesdk-linux/var --libdir=/usr/local/oe-sdk-hardcoded-buildpath/sysroots/x86_64-oesdk-linux/usr/lib/arm-xilinx-eabi --includedir=/usr/local/oe-sdk-hardcoded-buildpath/sysroots/x86_64-oesdk-linux/usr/include --oldincludedir=/usr/local/oe-sdk-hardcoded-buildpath/sysroots/x86_64-oesdk-linux/usr/include --infodir=/usr/local/oe-sdk-hardcoded-buildpath/sysroots/x86_64-oesdk-linux/usr/share/info --mandir=/usr/local/oe-sdk-hardcoded-buildpath/sysroots/x86_64-oesdk-linux/usr/share/man --disable-silent-rules --disable-dependency-tracking --with-libtool-sysroot=/host --with-gnu-ld --enable-shared --enable-languages=c,c++,fortran --enable-threads=posix --enable-multilib --enable-c99 --enable-long-long --enable-libstdcxx-pch --program-prefix=arm-xilinx-eabi- --without-local-prefix --disable-install-libiberty --disable-libssp --enable-libitm --enable-lto --disable-bootstrap --with-system-zlib --enable-linker-build-id --with-ppl=no --with-cloog=no --enable-checking=release --enable-cheaders=c_global --without-isl --with-gxx-include-dir=/not/exist/usr/include/c++/13.3.0 --with-build-time-tools=/host-native/usr/arm-xilinx-eabi/bin --with-sysroot=/not/exist --with-build-sysroot=/host --with-plugin-ld=ld --enable-poison-system-directories --disable-static --enable-nls --with-glibc-version=2.28 --enable-initfini-array --with-multilib-list=aprofile --enable-multilib --disable-libstdcxx-pch --with-newlib --disable-threads --enable-plugins --with-gnu-as --disable-libitm --disable-tm-clone-registry --with-sysroot=/not/exist
Thread model: single
Supported LTO compression algorithms: zlib zstd
gcc version 13.3.0 (GCC) 
COLLECT_GCC_OPTIONS='--sysroot=/opt/Xilinx/2025.2/Vitis/gnu/aarch32/lin/gcc-arm-none-eabi/bin/../aarch32-xilinx-eabi' '-D' 'SDT' '-mcpu=cortex-a9' '-mfpu=vfpv3' '-mfloat-abi=hard' '-MMD' '-MP' '-specs=/home/andylang/fpga/fm_modem/fm_modem_app_platform/ps7_cortexa9_0/standalone_ps7_cortexa9_0/bsp/Xilinx.spec' '-I' '/home/andylang/fpga/fm_modem/fm_modem_app_platform/ps7_cortexa9_0/standalone_ps7_cortexa9_0/bsp/include' '-v' '-o' 'CMakeFiles/cmTC_5060d.dir/CMakeCXXCompilerABI.cpp.obj' '-c' '-marm' '-mlibarch=armv7-a+mp+sec+vfpv3' '-march=armv7-a+mp+sec+vfpv3' '-dumpdir' 'CMakeFiles/cmTC_5060d.dir/'
 /opt/Xilinx/2025.2/gnu/aarch32/lin/gcc-arm-none-eabi/x86_64-oesdk-linux/usr/bin/arm-xilinx-eabi/../../libexec/arm-xilinx-eabi/gcc/arm-xilinx-eabi/13.3.0/cc1plus -quiet -v -I /home/andylang/fpga/fm_modem/fm_modem_app_platform/ps7_cortexa9_0/standalone_ps7_cortexa9_0/bsp/include -imultilib thumb/v7-a+fp/hard -iprefix /opt/Xilinx/2025.2/gnu/aarch32/lin/gcc-arm-none-eabi/x86_64-oesdk-linux/usr/bin/arm-xilinx-eabi/../../lib/arm-xilinx-eabi/gcc/arm-xilinx-eabi/13.3.0/ -isysroot /opt/Xilinx/2025.2/Vitis/gnu/aarch32/lin/gcc-arm-none-eabi/bin/../aarch32-xilinx-eabi -MMD CMakeFiles/cmTC_5060d.dir/CMakeCXXCompilerABI.cpp.d -MP -MQ CMakeFiles/cmTC_5060d.dir/CMakeCXXCompilerABI.cpp.obj -D__USES_INITFINI__ -D SDT /opt/Xilinx/2025.2/tps/lnx64/cmake-3.24.2/share/cmake-3.24/Modules/CMakeCXXCompilerABI.cpp -quiet -dumpdir CMakeFiles/cmTC_5060d.dir/ -dumpbase CMakeCXXCompilerABI.cpp.cpp -dumpbase-ext .cpp -mcpu=cortex-a9 -mfpu=vfpv3 -mfloat-abi=hard -marm -mlibarch=armv7-a+mp+sec+vfpv3 -march=armv7-a+mp+sec+vfpv3 -version -o /tmp/ccBHfZzf.s
GNU C++17 (GCC) version 13.3.0 (arm-xilinx-eabi)
	compiled by GNU C version 13.3.0, GMP version 6.3.0, MPFR version 4.2.1, MPC version 1.3.1, isl version none
GGC heuristics: --param ggc-min-expand=100 --param ggc-min-heapsize=131072
ignoring nonexistent directory "/opt/Xilinx/2025.2/gnu/aarch32/lin/gcc-arm-none-eabi/x86_64-oesdk-linux/usr/bin/arm-xilinx-eabi/../../lib/arm-xilinx-eabi/gcc/arm-xilinx-eabi/13.3.0/../../../../../arm-xilinx-eabi/include"
ignoring duplicate directory "/opt/Xilinx/2025.2/gnu/aarch32/lin/gcc-arm-none-eabi/x86_64-oesdk-linux/usr/bin/arm-xilinx-eabi/../../lib/arm-xilinx-eabi/gcc/../../../lib/arm-xilinx-eabi/gcc/arm-xilinx-eabi/13.3.0/include"
ignoring nonexistent directory "/opt/Xilinx/2025.2/Vitis/gnu/aarch32/lin/gcc-arm-none-eabi/bin/../aarch32-xilinx-eabi/usr/lib/arm-xilinx-eabi/13.3.0/include"
ignoring nonexistent directory "/opt/Xilinx/2025.2/Vitis/gnu/aarch32/lin/gcc-arm-none-eabi/bin/../aarch32-xilinx-eabi/usr/local/include"
ignoring duplicate directory "/opt/Xilinx/2025.2/gnu/aarch32/lin/gcc-arm-none-eabi/x86_64-oesdk-linux/usr/bin/arm-xilinx-eabi/../../lib/arm-xilinx-eabi/gcc/../../../lib/arm-xilinx-eabi/gcc/arm-xilinx-eabi/13.3.0/include-fixed"
ignoring nonexistent directory "/opt/Xilinx/2025.2/gnu/aarch32/lin/gcc-arm-none-eabi/x86_64-oesdk-linux/usr/bin/arm-xilinx-eabi/../../lib/arm-xilinx-eabi/gcc/../../../lib/arm-xilinx-eabi/gcc/arm-xilinx-eabi/13.3.0/../../../../../arm-xilinx-eabi/include"
#include "..." search starts here:
#include <...> search starts here:
 /home/andylang/fpga/fm_modem/fm_modem_app_platform/ps7_cortexa9_0/standalone_ps7_cortexa9_0/bsp/include
 /opt/Xilinx/2025.2/gnu/aarch32/lin/gcc-arm-none-eabi/x86_64-oesdk-linux/usr/bin/arm-xilinx-eabi/../../lib/arm-xilinx-eabi/gcc/arm-xilinx-eabi/13.3.0/include
 /opt/Xilinx/2025.2/gnu/aarch32/lin/gcc-arm-none-eabi/x86_64-oesdk-linux/usr/bin/arm-xilinx-eabi/../../lib/arm-xilinx-eabi/gcc/arm-xilinx-eabi/13.3.0/include-fixed
 /opt/Xilinx/2025.2/Vitis/gnu/aarch32/lin/gcc-arm-none-eabi/bin/../aarch32-xilinx-eabi/usr/include/c++/13.3.0
 /opt/Xilinx/2025.2/Vitis/gnu/aarch32/lin/gcc-arm-none-eabi/bin/../aarch32-xilinx-eabi/usr/include/c++/13.3.0/arm-xilinx-eabi/thumb/v7-a+fp/hard
 /opt/Xilinx/2025.2/Vitis/gnu/aarch32/lin/gcc-arm-none-eabi/bin/../aarch32-xilinx-eabi/usr/include/c++/13.3.0/backward
 /opt/Xilinx/2025.2/Vitis/gnu/aarch32/lin/gcc-arm-none-eabi/bin/../aarch32-xilinx-eabi/usr/include/
End of search list.
Compiler executable checksum: c4c65ca9cb56eecc6c75ecb9d78bcd74
COLLECT_GCC_OPTIONS='--sysroot=/opt/Xilinx/2025.2/Vitis/gnu/aarch32/lin/gcc-arm-none-eabi/bin/../aarch32-xilinx-eabi' '-D' 'SDT' '-mcpu=cortex-a9' '-mfpu=vfpv3' '-mfloat-abi=hard' '-MMD' '-MP' '-specs=/home/andylang/fpga/fm_modem/fm_modem_app_platform/ps7_cortexa9_0/standalone_ps7_cortexa9_0/bsp/Xilinx.spec' '-I' '/home/andylang/fpga/fm_modem/fm_modem_app_platform/ps7_cortexa9_0/standalone_ps7_cortexa9_0/bsp/include' '-v' '-o' 'CMakeFiles/cmTC_5060d.dir/CMakeCXXCompilerABI.cpp.obj' '-c' '-marm' '-mlibarch=armv7-a+mp+sec+vfpv3' '-march=armv7-a+mp+sec+vfpv3' '-dumpdir' 'CMakeFiles/cmTC_5060d.dir/'
 /opt/Xilinx/2025.2/gnu/aarch32/lin/gcc-arm-none-eabi/x86_64-oesdk-linux/usr/bin/arm-xilinx-eabi/../../libexec/arm-xilinx-eabi/gcc/arm-xilinx-eabi/13.3.0/as -v -I /home/andylang/fpga/fm_modem/fm_modem_app_platform/ps7_cortexa9_0/standalone_ps7_cortexa9_0/bsp/include -march=armv7-a+mp+sec+vfpv3 -mfloat-abi=hard -mfpu=vfpv3 -meabi=5 -o CMakeFiles/cmTC_5060d.dir/CMakeCXXCompilerABI.cpp.obj /tmp/ccBHfZzf.s
GNU assembler version 2.42.0 (arm-xilinx-eabi) using BFD version (GNU Binutils) 2.42.0.20240723
COMPILER_PATH=/opt/Xilinx/2025.2/gnu/aarch32/lin/gcc-arm-none-eabi/x86_64-oesdk-linux/usr/bin/arm-xilinx-eabi/../../libexec/arm-xilinx-eabi/gcc/arm-xilinx-eabi/13.3.0/:/opt/Xilinx/2025.2/gnu/aarch32/lin/gcc-arm-none-eabi/x86_64-oesdk-linux/usr/bin/arm-xilinx-eabi/../../libexec/arm-xilinx-eabi/gcc/
LIBRARY_PATH=/opt/Xilinx/2025.2/Vitis/gnu/aarch32/lin/gcc-arm-none-eabi/bin/../aarch32-xilinx-eabi/usr/lib/thumb/v7-a+fp/hard/:/opt/Xilinx/2025.2/gnu/aarch32/lin/gcc-arm-none-eabi/x86_64-oesdk-linux/usr/bin/arm-xilinx-eabi/../../lib/arm-xilinx-eabi/gcc/arm-xilinx-eabi/13.3.0/:/opt/Xilinx/2025.2/gnu/aarch32/lin/gcc-arm-none-eabi/x86_64-oesdk-linux/usr/bin/arm-xilinx-eabi/../../lib/arm-xilinx-eabi/gcc/:/opt/Xilinx/2025.2/Vitis/gnu/aarch32/lin/gcc-arm-none-eabi/bin/../aarch32-xilinx-eabi/usr/lib/arm-xilinx-eabi/13.3.0/:/opt/Xilinx/2025.2/Vitis/gnu/aarch32/lin/gcc-arm-none-eabi/bin/../aarch32-xilinx-eabi/usr/lib/
COLLECT_GCC_OPTIONS='--sysroot=/opt/Xilinx/2025.2/Vitis/gnu/aarch32/lin/gcc-arm-none-eabi/bin/../aarch32-xilinx-eabi' '-D' 'SDT' '-mcpu=cortex-a9' '-mfpu=vfpv3' '-mfloat-abi=hard' '-MMD' '-MP' '-specs=/home/andylang/fpga/fm_modem/fm_modem_app_platform/ps7_cortexa9_0/standalone_ps7_cortexa9_0/bsp/Xilinx.spec' '-I' '/home/andylang/fpga/fm_modem/fm_modem_app_platform/ps7_cortexa9_0/standalone_ps7_cortexa9_0/bsp/include' '-v' '-o' 'CMakeFiles/cmTC_5060d.dir/CMakeCXXCompilerABI.cpp.obj' '-c' '-marm' '-mlibarch=armv7-a+mp+sec+vfpv3' '-march=armv7-a+mp+sec+vfpv3' '-dumpdir' 'CMakeFiles/cmTC_5060d.dir/CMakeCXXCompilerABI.cpp.'
[2/2] Linking CXX executable cmTC_5060d
Using built-in specs.
Reading specs from /home/andylang/fpga/fm_modem/fm_modem_app_platform/ps7_cortexa9_0/standalone_ps7_cortexa9_0/bsp/Xilinx.spec
COLLECT_GCC=/opt/Xilinx/2025.2/Vitis/gnu/aarch32/lin/gcc-arm-none-eabi/bin/../x86_64-oesdk-linux/usr/bin/arm-xilinx-eabi/arm-xilinx-eabi-g++.real
COLLECT_LTO_WRAPPER=/opt/Xilinx/2025.2/gnu/aarch32/lin/gcc-arm-none-eabi/x86_64-oesdk-linux/usr/bin/arm-xilinx-eabi/../../libexec/arm-xilinx-eabi/gcc/arm-xilinx-eabi/13.3.0/lto-wrapper
Target: arm-xilinx-eabi
Configured with: ../../../../../../work-shared/gcc-13.3.0-r0/gcc-13.3.0/configure --build=x86_64-linux --host=x86_64-oesdk-linux --target=arm-xilinx-eabi --prefix=/usr/local/oe-sdk-hardcoded-buildpath/sysroots/x86_64-oesdk-linux/usr --exec_prefix=/usr/local/oe-sdk-hardcoded-buildpath/sysroots/x86_64-oesdk-linux/usr --bindir=/usr/local/oe-sdk-hardcoded-buildpath/sysroots/x86_64-oesdk-linux/usr/bin/arm-xilinx-eabi --sbindir=/usr/local/oe-sdk-hardcoded-buildpath/sysroots/x86_64-oesdk-linux/usr/bin/arm-xilinx-eabi --libexecdir=/usr/local/oe-sdk-hardcoded-buildpath/sysroots/x86_64-oesdk-linux/usr/libexec/arm-xilinx-eabi --datadir=/usr/local/oe-sdk-hardcoded-buildpath/sysroots/x86_64-oesdk-linux/usr/share --sysconfdir=/usr/local/oe-sdk-hardcoded-buildpath/sysroots/x86_64-oesdk-linux/etc --sharedstatedir=/usr/local/oe-sdk-hardcoded-buildpath/sysroots/x86_64-oesdk-linux/com --localstatedir=/usr/local/oe-sdk-hardcoded-buildpath/sysroots/x86_64-oesdk-linux/var --libdir=/usr/local/oe-sdk-hardcoded-buildpath/sysroots/x86_64-oesdk-linux/usr/lib/arm-xilinx-eabi --includedir=/usr/local/oe-sdk-hardcoded-buildpath/sysroots/x86_64-oesdk-linux/usr/include --oldincludedir=/usr/local/oe-sdk-hardcoded-buildpath/sysroots/x86_64-oesdk-linux/usr/include --infodir=/usr/local/oe-sdk-hardcoded-buildpath/sysroots/x86_64-oesdk-linux/usr/share/info --mandir=/usr/local/oe-sdk-hardcoded-buildpath/sysroots/x86_64-oesdk-linux/usr/share/man --disable-silent-rules --disable-dependency-tracking --with-libtool-sysroot=/host --with-gnu-ld --enable-shared --enable-languages=c,c++,fortran --enable-threads=posix --enable-multilib --enable-c99 --enable-long-long --enable-libstdcxx-pch --program-prefix=arm-xilinx-eabi- --without-local-prefix --disable-install-libiberty --disable-libssp --enable-libitm --enable-lto --disable-bootstrap --with-system-zlib --enable-linker-build-id --with-ppl=no --with-cloog=no --enable-checking=release --enable-cheaders=c_global --without-isl --with-gxx-include-dir=/not/exist/usr/include/c++/13.3.0 --with-build-time-tools=/host-native/usr/arm-xilinx-eabi/bin --with-sysroot=/not/exist --with-build-sysroot=/host --with-plugin-ld=ld --enable-poison-system-directories --disable-static --enable-nls --with-glibc-version=2.28 --enable-initfini-array --with-multilib-list=aprofile --enable-multilib --disable-libstdcxx-pch --with-newlib --disable-threads --enable-plugins --with-gnu-as --disable-libitm --disable-tm-clone-registry --with-sysroot=/not/exist
Thread model: single
Supported LTO compression algorithms: zlib zstd
gcc version 13.3.0 (GCC) 
COMPILER_PATH=/opt/Xilinx/2025.2/gnu/aarch32/lin/gcc-arm-none-eabi/x86_64-oesdk-linux/usr/bin/arm-xilinx-eabi/../../libexec/arm-xilinx-eabi/gcc/arm-xilinx-eabi/13.3.0/:/opt/Xilinx/2025.2/gnu/aarch32/lin/gcc-arm-none-eabi/x86_64-oesdk-linux/usr/bin/arm-xilinx-eabi/../../libexec/arm-xilinx-eabi/gcc/
LIBRARY_PATH=/opt/Xilinx/2025.2/Vitis/gnu/aarch32/lin/gcc-arm-none-eabi/bin/../aarch32-xilinx-eabi/usr/lib/thumb/v7-a+fp/hard/:/opt/Xilinx/2025.2/gnu/aarch32/lin/gcc-arm-none-eabi/x86_64-oesdk-linux/usr/bin/arm-xilinx-eabi/../../lib/arm-xilinx-eabi/gcc/arm-xilinx-eabi/13.3.0/:/opt/Xilinx/2025.2/gnu/aarch32/lin/gcc-arm-none-eabi/x86_64-oesdk-linux/usr/bin/arm-xilinx-eabi/../../lib/arm-xilinx-eabi/gcc/:/opt/Xilinx/2025.2/Vitis/gnu/aarch32/lin/gcc-arm-none-eabi/bin/../aarch32-xilinx-eabi/usr/lib/arm-xilinx-eabi/13.3.0/:/opt/Xilinx/2025.2/Vitis/gnu/aarch32/lin/gcc-arm-none-eabi/bin/../aarch32-xilinx-eabi/usr/lib/
COLLECT_GCC_OPTIONS='--sysroot=/opt/Xilinx/2025.2/Vitis/gnu/aarch32/lin/gcc-arm-none-eabi/bin/../aarch32-xilinx-eabi' '-D' 'SDT' '-mcpu=cortex-a9' '-mfpu=vfpv3' '-mfloat-abi=hard' '-MMD' '-MP' '-specs=/home/andylang/fpga/fm_modem/fm_modem_app_platform/ps7_cortexa9_0/standalone_ps7_cortexa9_0/bsp/Xilinx.spec' '-I' '/home/andylang/fpga/fm_modem/fm_modem_app_platform/ps7_cortexa9_0/standalone_ps7_cortexa9_0/bsp/include' '-v' '-o' 'cmTC_5060d' '-marm' '-mlibarch=armv7-a+mp+sec+vfpv3' '-march=armv7-a+mp+sec+vfpv3' '-dumpdir' 'cmTC_5060d.'
 /opt/Xilinx/2025.2/gnu/aarch32/lin/gcc-arm-none-eabi/x86_64-oesdk-linux/usr/bin/arm-xilinx-eabi/../../libexec/arm-xilinx-eabi/gcc/arm-xilinx-eabi/13.3.0/collect2 -plugin /opt/Xilinx/2025.2/gnu/aarch32/lin/gcc-arm-none-eabi/x86_64-oesdk-linux/usr/bin/arm-xilinx-eabi/../../libexec/arm-xilinx-eabi/gcc/arm-xilinx-eabi/13.3.0/liblto_plugin.so -plugin-opt=/opt/Xilinx/2025.2/gnu/aarch32/lin/gcc-arm-none-eabi/x86_64-oesdk-linux/usr/bin/arm-xilinx-eabi/../../libexec/arm-xilinx-eabi/gcc/arm-xilinx-eabi/13.3.0/lto-wrapper -plugin-opt=-fresolution=/tmp/ccxXuCsc.res -plugin-opt=-pass-through=-lgcc -plugin-opt=-pass-through=-lc --sysroot=/opt/Xilinx/2025.2/Vitis/gnu/aarch32/lin/gcc-arm-none-eabi/bin/../aarch32-xilinx-eabi --build-id -X -o cmTC_5060d /opt/Xilinx/2025.2/Vitis/gnu/aarch32/lin/gcc-arm-none-eabi/bin/../aarch32-xilinx-eabi/usr/lib/thumb/v7-a+fp/hard/crti.o /opt/Xilinx/2025.2/Vitis/gnu/aarch32/lin/gcc-arm-none-eabi/bin/../aarch32-xilinx-eabi/usr/lib/thumb/v7-a+fp/hard/crtbegin.o -L/opt/Xilinx/2025.2/Vitis/gnu/aarch32/lin/gcc-arm-none-eabi/bin/../aarch32-xilinx-eabi/usr/lib/thumb/v7-a+fp/hard -L/opt/Xilinx/2025.2/gnu/aarch32/lin/gcc-arm-none-eabi/x86_64-oesdk-linux/usr/bin/arm-xilinx-eabi/../../lib/arm-xilinx-eabi/gcc/arm-xilinx-eabi/13.3.0 -L/opt/Xilinx/2025.2/gnu/aarch32/lin/gcc-arm-none-eabi/x86_64-oesdk-linux/usr/bin/arm-xilinx-eabi/../../lib/arm-xilinx-eabi/gcc -L/opt/Xilinx/2025.2/Vitis/gnu/aarch32/lin/gcc-arm-none-eabi/bin/../aarch32-xilinx-eabi/usr/lib/arm-xilinx-eabi/13.3.0 -L/opt/Xilinx/2025.2/Vitis/gnu/aarch32/lin/gcc-arm-none-eabi/bin/../aarch32-xilinx-eabi/usr/lib --no-warn-rwx-segment CMakeFiles/cmTC_5060d.dir/CMakeCXXCompilerABI.cpp.obj -lstdc++ -lm --start-group -lgcc -lc --end-group /opt/Xilinx/2025.2/Vitis/gnu/aarch32/lin/gcc-arm-none-eabi/bin/../aarch32-xilinx-eabi/usr/lib/thumb/v7-a+fp/hard/crtend.o /opt/Xilinx/2025.2/Vitis/gnu/aarch32/lin/gcc-arm-none-eabi/bin/../aarch32-xilinx-eabi/usr/lib/thumb/v7-a+fp/hard/crtn.o
/opt/Xilinx/2025.2/gnu/aarch32/lin/gcc-arm-none-eabi/x86_64-oesdk-linux/usr/bin/arm-xilinx-eabi/arm-xilinx-eabi-ld.real: warning: cannot find entry symbol _start; defaulting to 00008030
COLLECT_GCC_OPTIONS='--sysroot=/opt/Xilinx/2025.2/Vitis/gnu/aarch32/lin/gcc-arm-none-eabi/bin/../aarch32-xilinx-eabi' '-D' 'SDT' '-mcpu=cortex-a9' '-mfpu=vfpv3' '-mfloat-abi=hard' '-MMD' '-MP' '-specs=/home/andylang/fpga/fm_modem/fm_modem_app_platform/ps7_cortexa9_0/standalone_ps7_cortexa9_0/bsp/Xilinx.spec' '-I' '/home/andylang/fpga/fm_modem/fm_modem_app_platform/ps7_cortexa9_0/standalone_ps7_cortexa9_0/bsp/include' '-v' '-o' 'cmTC_5060d' '-marm' '-mlibarch=armv7-a+mp+sec+vfpv3' '-march=armv7-a+mp+sec+vfpv3' '-dumpdir' 'cmTC_5060d.'



Parsed CXX implicit include dir info from above output: rv=done
  found start of include info
  found start of implicit include info
    add: [/home/andylang/fpga/fm_modem/fm_modem_app_platform/ps7_cortexa9_0/standalone_ps7_cortexa9_0/bsp/include]
    add: [/opt/Xilinx/2025.2/gnu/aarch32/lin/gcc-arm-none-eabi/x86_64-oesdk-linux/usr/bin/arm-xilinx-eabi/../../lib/arm-xilinx-eabi/gcc/arm-xilinx-eabi/13.3.0/include]
    add: [/opt/Xilinx/2025.2/gnu/aarch32/lin/gcc-arm-none-eabi/x86_64-oesdk-linux/usr/bin/arm-xilinx-eabi/../../lib/arm-xilinx-eabi/gcc/arm-xilinx-eabi/13.3.0/include-fixed]
    add: [/opt/Xilinx/2025.2/Vitis/gnu/aarch32/lin/gcc-arm-none-eabi/bin/../aarch32-xilinx-eabi/usr/include/c++/13.3.0]
    add: [/opt/Xilinx/2025.2/Vitis/gnu/aarch32/lin/gcc-arm-none-eabi/bin/../aarch32-xilinx-eabi/usr/include/c++/13.3.0/arm-xilinx-eabi/thumb/v7-a+fp/hard]
    add: [/opt/Xilinx/2025.2/Vitis/gnu/aarch32/lin/gcc-arm-none-eabi/bin/../aarch32-xilinx-eabi/usr/include/c++/13.3.0/backward]
    add: [/opt/Xilinx/2025.2/Vitis/gnu/aarch32/lin/gcc-arm-none-eabi/bin/../aarch32-xilinx-eabi/usr/include/]
  end of search list found
  collapse include dir [/home/andylang/fpga/fm_modem/fm_modem_app_platform/ps7_cortexa9_0/standalone_ps7_cortexa9_0/bsp/include] ==> [/home/andylang/fpga/fm_modem/fm_modem_app_platform/ps7_cortexa9_0/standalone_ps7_cortexa9_0/bsp/include]
  collapse include dir [/opt/Xilinx/2025.2/gnu/aarch32/lin/gcc-arm-none-eabi/x86_64-oesdk-linux/usr/bin/arm-xilinx-eabi/../../lib/arm-xilinx-eabi/gcc/arm-xilinx-eabi/13.3.0/include] ==> [/opt/Xilinx/2025.2/gnu/aarch32/lin/gcc-arm-none-eabi/x86_64-oesdk-linux/usr/lib/arm-xilinx-eabi/gcc/arm-xilinx-eabi/13.3.0/include]
  collapse include dir [/opt/Xilinx/2025.2/gnu/aarch32/lin/gcc-arm-none-eabi/x86_64-oesdk-linux/usr/bin/arm-xilinx-eabi/../../lib/arm-xilinx-eabi/gcc/arm-xilinx-eabi/13.3.0/include-fixed] ==> [/opt/Xilinx/2025.2/gnu/aarch32/lin/gcc-arm-none-eabi/x86_64-oesdk-linux/usr/lib/arm-xilinx-eabi/gcc/arm-xilinx-eabi/13.3.0/include-fixed]
  collapse include dir [/opt/Xilinx/2025.2/Vitis/gnu/aarch32/lin/gcc-arm-none-eabi/bin/../aarch32-xilinx-eabi/usr/include/c++/13.3.0] ==> [/opt/Xilinx/2025.2/Vitis/gnu/aarch32/lin/gcc-arm-none-eabi/aarch32-xilinx-eabi/usr/include/c++/13.3.0]
  collapse include dir [/opt/Xilinx/2025.2/Vitis/gnu/aarch32/lin/gcc-arm-none-eabi/bin/../aarch32-xilinx-eabi/usr/include/c++/13.3.0/arm-xilinx-eabi/thumb/v7-a+fp/hard] ==> [/opt/Xilinx/2025.2/Vitis/gnu/aarch32/lin/gcc-arm-none-eabi/aarch32-xilinx-eabi/usr/include/c++/13.3.0/arm-xilinx-eabi/thumb/v7-a+fp/hard]
  collapse include dir [/opt/Xilinx/2025.2/Vitis/gnu/aarch32/lin/gcc-arm-none-eabi/bin/../aarch32-xilinx-eabi/usr/include/c++/13.3.0/backward] ==> [/opt/Xilinx/2025.2/Vitis/gnu/aarch32/lin/gcc-arm-none-eabi/aarch32-xilinx-eabi/usr/include/c++/13.3.0/backward]
  collapse include dir [/opt/Xilinx/2025.2/Vitis/gnu/aarch32/lin/gcc-arm-none-eabi/bin/../aarch32-xilinx-eabi/usr/include/] ==> [/opt/Xilinx/2025.2/Vitis/gnu/aarch32/lin/gcc-arm-none-eabi/aarch32-xilinx-eabi/usr/include]
  implicit include dirs: [/home/andylang/fpga/fm_modem/fm_modem_app_platform/ps7_cortexa9_0/standalone_ps7_cortexa9_0/bsp/include;/opt/Xilinx/2025.2/gnu/aarch32/lin/gcc-arm-none-eabi/x86_64-oesdk-linux/usr/lib/arm-xilinx-eabi/gcc/arm-xilinx-eabi/13.3.0/include;/opt/Xilinx/2025.2/gnu/aarch32/lin/gcc-arm-none-eabi/x86_64-oesdk-linux/usr/lib/arm-xilinx-eabi/gcc/arm-xilinx-eabi/13.3.0/include-fixed;/opt/Xilinx/2025.2/Vitis/gnu/aarch32/lin/gcc-arm-none-eabi/aarch32-xilinx-eabi/usr/include/c++/13.3.0;/opt/Xilinx/2025.2/Vitis/gnu/aarch32/lin/gcc-arm-none-eabi/aarch32-xilinx-eabi/usr/include/c++/13.3.0/arm-xilinx-eabi/thumb/v7-a+fp/hard;/opt/Xilinx/2025.2/Vitis/gnu/aarch32/lin/gcc-arm-none-eabi/aarch32-xilinx-eabi/usr/include/c++/13.3.0/backward;/opt/Xilinx/2025.2/Vitis/gnu/aarch32/lin/gcc-arm-none-eabi/aarch32-xilinx-eabi/usr/include]


Parsed CXX implicit link information from above output:
  link line regex: [^( *|.*[/\])(arm-none-eabi-ld|CMAKE_LINK_STARTFILE-NOTFOUND|([^/\]+-)?ld|collect2)[^/\]*( |$)]
  ignore line: [Change Dir: /home/andylang/fpga/fm_modem/fm_modem_app_platform/ps7_cortexa9_0/standalone_ps7_cortexa9_0/bsp/libsrc/build_configs/gen_bsp/CMakeFiles/CMakeTmp]
  ignore line: []
  ignore line: [Run Build Command(s):/opt/Xilinx/2025.2/Vitis/bin/ninja cmTC_5060d && [1/2] Building CXX object CMakeFiles/cmTC_5060d.dir/CMakeCXXCompilerABI.cpp.obj]
  ignore line: [Using built-in specs.]
  ignore line: [Reading specs from /home/andylang/fpga/fm_modem/fm_modem_app_platform/ps7_cortexa9_0/standalone_ps7_cortexa9_0/bsp/Xilinx.spec]
  ignore line: [COLLECT_GCC=/opt/Xilinx/2025.2/Vitis/gnu/aarch32/lin/gcc-arm-none-eabi/bin/../x86_64-oesdk-linux/usr/bin/arm-xilinx-eabi/arm-xilinx-eabi-g++.real]
  ignore line: [Target: arm-xilinx-eabi]
  ignore line: [Configured with: ../../../../../../work-shared/gcc-13.3.0-r0/gcc-13.3.0/configure --build=x86_64-linux --host=x86_64-oesdk-linux --target=arm-xilinx-eabi --prefix=/usr/local/oe-sdk-hardcoded-buildpath/sysroots/x86_64-oesdk-linux/usr --exec_prefix=/usr/local/oe-sdk-hardcoded-buildpath/sysroots/x86_64-oesdk-linux/usr --bindir=/usr/local/oe-sdk-hardcoded-buildpath/sysroots/x86_64-oesdk-linux/usr/bin/arm-xilinx-eabi --sbindir=/usr/local/oe-sdk-hardcoded-buildpath/sysroots/x86_64-oesdk-linux/usr/bin/arm-xilinx-eabi --libexecdir=/usr/local/oe-sdk-hardcoded-buildpath/sysroots/x86_64-oesdk-linux/usr/libexec/arm-xilinx-eabi --datadir=/usr/local/oe-sdk-hardcoded-buildpath/sysroots/x86_64-oesdk-linux/usr/share --sysconfdir=/usr/local/oe-sdk-hardcoded-buildpath/sysroots/x86_64-oesdk-linux/etc --sharedstatedir=/usr/local/oe-sdk-hardcoded-buildpath/sysroots/x86_64-oesdk-linux/com --localstatedir=/usr/local/oe-sdk-hardcoded-buildpath/sysroots/x86_64-oesdk-linux/var --libdir=/usr/local/oe-sdk-hardcoded-buildpath/sysroots/x86_64-oesdk-linux/usr/lib/arm-xilinx-eabi --includedir=/usr/local/oe-sdk-hardcoded-buildpath/sysroots/x86_64-oesdk-linux/usr/include --oldincludedir=/usr/local/oe-sdk-hardcoded-buildpath/sysroots/x86_64-oesdk-linux/usr/include --infodir=/usr/local/oe-sdk-hardcoded-buildpath/sysroots/x86_64-oesdk-linux/usr/share/info --mandir=/usr/local/oe-sdk-hardcoded-buildpath/sysroots/x86_64-oesdk-linux/usr/share/man --disable-silent-rules --disable-dependency-tracking --with-libtool-sysroot=/host --with-gnu-ld --enable-shared --enable-languages=c,c++,fortran --enable-threads=posix --enable-multilib --enable-c99 --enable-long-long --enable-libstdcxx-pch --program-prefix=arm-xilinx-eabi- --without-local-prefix --disable-install-libiberty --disable-libssp --enable-libitm --enable-lto --disable-bootstrap --with-system-zlib --enable-linker-build-id --with-ppl=no --with-cloog=no --enable-checking=release --enable-cheaders=c_global --without-isl --with-gxx-include-dir=/not/exist/usr/include/c++/13.3.0 --with-build-time-tools=/host-native/usr/arm-xilinx-eabi/bin --with-sysroot=/not/exist --with-build-sysroot=/host --with-plugin-ld=ld --enable-poison-system-directories --disable-static --enable-nls --with-glibc-version=2.28 --enable-initfini-array --with-multilib-list=aprofile --enable-multilib --disable-libstdcxx-pch --with-newlib --disable-threads --enable-plugins --with-gnu-as --disable-libitm --disable-tm-clone-registry --with-sysroot=/not/exist]
  ignore line: [Thread model: single]
  ignore line: [Supported LTO compression algorithms: zlib zstd]
  ignore line: [gcc version 13.3.0 (GCC) ]
  ignore line: [COLLECT_GCC_OPTIONS='--sysroot=/opt/Xilinx/2025.2/Vitis/gnu/aarch32/lin/gcc-arm-none-eabi/bin/../aarch32-xilinx-eabi' '-D' 'SDT' '-mcpu=cortex-a9' '-mfpu=vfpv3' '-mfloat-abi=hard' '-MMD' '-MP' '-specs=/home/andylang/fpga/fm_modem/fm_modem_app_platform/ps7_cortexa9_0/standalone_ps7_cortexa9_0/bsp/Xilinx.spec' '-I' '/home/andylang/fpga/fm_modem/fm_modem_app_platform/ps7_cortexa9_0/standalone_ps7_cortexa9_0/bsp/include' '-v' '-o' 'CMakeFiles/cmTC_5060d.dir/CMakeCXXCompilerABI.cpp.obj' '-c' '-marm' '-mlibarch=armv7-a+mp+sec+vfpv3' '-march=armv7-a+mp+sec+vfpv3' '-dumpdir' 'CMakeFiles/cmTC_5060d.dir/']
  ignore line: [ /opt/Xilinx/2025.2/gnu/aarch32/lin/gcc-arm-none-eabi/x86_64-oesdk-linux/usr/bin/arm-xilinx-eabi/../../libexec/arm-xilinx-eabi/gcc/arm-xilinx-eabi/13.3.0/cc1plus -quiet -v -I /home/andylang/fpga/fm_modem/fm_modem_app_platform/ps7_cortexa9_0/standalone_ps7_cortexa9_0/bsp/include -imultilib thumb/v7-a+fp/hard -iprefix /opt/Xilinx/2025.2/gnu/aarch32/lin/gcc-arm-none-eabi/x86_64-oesdk-linux/usr/bin/arm-xilinx-eabi/../../lib/arm-xilinx-eabi/gcc/arm-xilinx-eabi/13.3.0/ -isysroot /opt/Xilinx/2025.2/Vitis/gnu/aarch32/lin/gcc-arm-none-eabi/bin/../aarch32-xilinx-eabi -MMD CMakeFiles/cmTC_5060d.dir/CMakeCXXCompilerABI.cpp.d -MP -MQ CMakeFiles/cmTC_5060d.dir/CMakeCXXCompilerABI.cpp.obj -D__USES_INITFINI__ -D SDT /opt/Xilinx/2025.2/tps/lnx64/cmake-3.24.2/share/cmake-3.24/Modules/CMakeCXXCompilerABI.cpp -quiet -dumpdir CMakeFiles/cmTC_5060d.dir/ -dumpbase CMakeCXXCompilerABI.cpp.cpp -dumpbase-ext .cpp -mcpu=cortex-a9 -mfpu=vfpv3 -mfloat-abi=hard -marm -mlibarch=armv7-a+mp+sec+vfpv3 -march=armv7-a+mp+sec+vfpv3 -version -o /tmp/ccBHfZzf.s]
  ignore line: [GNU C++17 (GCC) version 13.3.0 (arm-xilinx-eabi)]
  ignore line: [	compiled by GNU C version 13.3.0  GMP version 6.3.0  MPFR version 4.2.1  MPC version 1.3.1  isl version none]
  ignore line: [GGC heuristics: --param ggc-min-expand=100 --param ggc-min-heapsize=131072]
  ignore line: [ignoring nonexistent directory "/opt/Xilinx/2025.2/gnu/aarch32/lin/gcc-arm-none-eabi/x86_64-oesdk-linux/usr/bin/arm-xilinx-eabi/../../lib/arm-xilinx-eabi/gcc/arm-xilinx-eabi/13.3.0/../../../../../arm-xilinx-eabi/include"]
  ignore line: [ignoring duplicate directory "/opt/Xilinx/2025.2/gnu/aarch32/lin/gcc-arm-none-eabi/x86_64-oesdk-linux/usr/bin/arm-xilinx-eabi/../../lib/arm-xilinx-eabi/gcc/../../../lib/arm-xilinx-eabi/gcc/arm-xilinx-eabi/13.3.0/include"]
  ignore line: [ignoring nonexistent directory "/opt/Xilinx/2025.2/Vitis/gnu/aarch32/lin/gcc-arm-none-eabi/bin/../aarch32-xilinx-eabi/usr/lib/arm-xilinx-eabi/13.3.0/include"]
  ignore line: [ignoring nonexistent directory "/opt/Xilinx/2025.2/Vitis/gnu/aarch32/lin/gcc-arm-none-eabi/bin/../aarch32-xilinx-eabi/usr/local/include"]
  ignore line: [ignoring duplicate directory "/opt/Xilinx/2025.2/gnu/aarch32/lin/gcc-arm-none-eabi/x86_64-oesdk-linux/usr/bin/arm-xilinx-eabi/../../lib/arm-xilinx-eabi/gcc/../../../lib/arm-xilinx-eabi/gcc/arm-xilinx-eabi/13.3.0/include-fixed"]
  ignore line: [ignoring nonexistent directory "/opt/Xilinx/2025.2/gnu/aarch32/lin/gcc-arm-none-eabi/x86_64-oesdk-linux/usr/bin/arm-xilinx-eabi/../../lib/arm-xilinx-eabi/gcc/../../../lib/arm-xilinx-eabi/gcc/arm-xilinx-eabi/13.3.0/../../../../../arm-xilinx-eabi/include"]
  ignore line: [#include "..." search starts here:]
  ignore line: [#include <...> search starts here:]
  ignore line: [ /home/andylang/fpga/fm_modem/fm_modem_app_platform/ps7_cortexa9_0/standalone_ps7_cortexa9_0/bsp/include]
  ignore line: [ /opt/Xilinx/2025.2/gnu/aarch32/lin/gcc-arm-none-eabi/x86_64-oesdk-linux/usr/bin/arm-xilinx-eabi/../../lib/arm-xilinx-eabi/gcc/arm-xilinx-eabi/13.3.0/include]
  ignore line: [ /opt/Xilinx/2025.2/gnu/aarch32/lin/gcc-arm-none-eabi/x86_64-oesdk-linux/usr/bin/arm-xilinx-eabi/../../lib/arm-xilinx-eabi/gcc/arm-xilinx-eabi/13.3.0/include-fixed]
  ignore line: [ /opt/Xilinx/2025.2/Vitis/gnu/aarch32/lin/gcc-arm-none-eabi/bin/../aarch32-xilinx-eabi/usr/include/c++/13.3.0]
  ignore line: [ /opt/Xilinx/2025.2/Vitis/gnu/aarch32/lin/gcc-arm-none-eabi/bin/../aarch32-xilinx-eabi/usr/include/c++/13.3.0/arm-xilinx-eabi/thumb/v7-a+fp/hard]
  ignore line: [ /opt/Xilinx/2025.2/Vitis/gnu/aarch32/lin/gcc-arm-none-eabi/bin/../aarch32-xilinx-eabi/usr/include/c++/13.3.0/backward]
  ignore line: [ /opt/Xilinx/2025.2/Vitis/gnu/aarch32/lin/gcc-arm-none-eabi/bin/../aarch32-xilinx-eabi/usr/include/]
  ignore line: [End of search list.]
  ignore line: [Compiler executable checksum: c4c65ca9cb56eecc6c75ecb9d78bcd74]
  ignore line: [COLLECT_GCC_OPTIONS='--sysroot=/opt/Xilinx/2025.2/Vitis/gnu/aarch32/lin/gcc-arm-none-eabi/bin/../aarch32-xilinx-eabi' '-D' 'SDT' '-mcpu=cortex-a9' '-mfpu=vfpv3' '-mfloat-abi=hard' '-MMD' '-MP' '-specs=/home/andylang/fpga/fm_modem/fm_modem_app_platform/ps7_cortexa9_0/standalone_ps7_cortexa9_0/bsp/Xilinx.spec' '-I' '/home/andylang/fpga/fm_modem/fm_modem_app_platform/ps7_cortexa9_0/standalone_ps7_cortexa9_0/bsp/include' '-v' '-o' 'CMakeFiles/cmTC_5060d.dir/CMakeCXXCompilerABI.cpp.obj' '-c' '-marm' '-mlibarch=armv7-a+mp+sec+vfpv3' '-march=armv7-a+mp+sec+vfpv3' '-dumpdir' 'CMakeFiles/cmTC_5060d.dir/']
  ignore line: [ /opt/Xilinx/2025.2/gnu/aarch32/lin/gcc-arm-none-eabi/x86_64-oesdk-linux/usr/bin/arm-xilinx-eabi/../../libexec/arm-xilinx-eabi/gcc/arm-xilinx-eabi/13.3.0/as -v -I /home/andylang/fpga/fm_modem/fm_modem_app_platform/ps7_cortexa9_0/standalone_ps7_cortexa9_0/bsp/include -march=armv7-a+mp+sec+vfpv3 -mfloat-abi=hard -mfpu=vfpv3 -meabi=5 -o CMakeFiles/cmTC_5060d.dir/CMakeCXXCompilerABI.cpp.obj /tmp/ccBHfZzf.s]
  ignore line: [GNU assembler version 2.42.0 (arm-xilinx-eabi) using BFD version (GNU Binutils) 2.42.0.20240723]
  ignore line: [COMPILER_PATH=/opt/Xilinx/2025.2/gnu/aarch32/lin/gcc-arm-none-eabi/x86_64-oesdk-linux/usr/bin/arm-xilinx-eabi/../../libexec/arm-xilinx-eabi/gcc/arm-xilinx-eabi/13.3.0/:/opt/Xilinx/2025.2/gnu/aarch32/lin/gcc-arm-none-eabi/x86_64-oesdk-linux/usr/bin/arm-xilinx-eabi/../../libexec/arm-xilinx-eabi/gcc/]
  ignore line: [LIBRARY_PATH=/opt/Xilinx/2025.2/Vitis/gnu/aarch32/lin/gcc-arm-none-eabi/bin/../aarch32-xilinx-eabi/usr/lib/thumb/v7-a+fp/hard/:/opt/Xilinx/2025.2/gnu/aarch32/lin/gcc-arm-none-eabi/x86_64-oesdk-linux/usr/bin/arm-xilinx-eabi/../../lib/arm-xilinx-eabi/gcc/arm-xilinx-eabi/13.3.0/:/opt/Xilinx/2025.2/gnu/aarch32/lin/gcc-arm-none-eabi/x86_64-oesdk-linux/usr/bin/arm-xilinx-eabi/../../lib/arm-xilinx-eabi/gcc/:/opt/Xilinx/2025.2/Vitis/gnu/aarch32/lin/gcc-arm-none-eabi/bin/../aarch32-xilinx-eabi/usr/lib/arm-xilinx-eabi/13.3.0/:/opt/Xilinx/2025.2/Vitis/gnu/aarch32/lin/gcc-arm-none-eabi/bin/../aarch32-xilinx-eabi/usr/lib/]
  ignore line: [COLLECT_GCC_OPTIONS='--sysroot=/opt/Xilinx/2025.2/Vitis/gnu/aarch32/lin/gcc-arm-none-eabi/bin/../aarch32-xilinx-eabi' '-D' 'SDT' '-mcpu=cortex-a9' '-mfpu=vfpv3' '-mfloat-abi=hard' '-MMD' '-MP' '-specs=/home/andylang/fpga/fm_modem/fm_modem_app_platform/ps7_cortexa9_0/standalone_ps7_cortexa9_0/bsp/Xilinx.spec' '-I' '/home/andylang/fpga/fm_modem/fm_modem_app_platform/ps7_cortexa9_0/standalone_ps7_cortexa9_0/bsp/include' '-v' '-o' 'CMakeFiles/cmTC_5060d.dir/CMakeCXXCompilerABI.cpp.obj' '-c' '-marm' '-mlibarch=armv7-a+mp+sec+vfpv3' '-march=armv7-a+mp+sec+vfpv3' '-dumpdir' 'CMakeFiles/cmTC_5060d.dir/CMakeCXXCompilerABI.cpp.']
  ignore line: [[2/2] Linking CXX executable cmTC_5060d]
  ignore line: [Using built-in specs.]
  ignore line: [Reading specs from /home/andylang/fpga/fm_modem/fm_modem_app_platform/ps7_cortexa9_0/standalone_ps7_cortexa9_0/bsp/Xilinx.spec]
  ignore line: [COLLECT_GCC=/opt/Xilinx/2025.2/Vitis/gnu/aarch32/lin/gcc-arm-none-eabi/bin/../x86_64-oesdk-linux/usr/bin/arm-xilinx-eabi/arm-xilinx-eabi-g++.real]
  ignore line: [COLLECT_LTO_WRAPPER=/opt/Xilinx/2025.2/gnu/aarch32/lin/gcc-arm-none-eabi/x86_64-oesdk-linux/usr/bin/arm-xilinx-eabi/../../libexec/arm-xilinx-eabi/gcc/arm-xilinx-eabi/13.3.0/lto-wrapper]
  ignore line: [Target: arm-xilinx-eabi]
  ignore line: [Configured with: ../../../../../../work-shared/gcc-13.3.0-r0/gcc-13.3.0/configure --build=x86_64-linux --host=x86_64-oesdk-linux --target=arm-xilinx-eabi --prefix=/usr/local/oe-sdk-hardcoded-buildpath/sysroots/x86_64-oesdk-linux/usr --exec_prefix=/usr/local/oe-sdk-hardcoded-buildpath/sysroots/x86_64-oesdk-linux/usr --bindir=/usr/local/oe-sdk-hardcoded-buildpath/sysroots/x86_64-oesdk-linux/usr/bin/arm-xilinx-eabi --sbindir=/usr/local/oe-sdk-hardcoded-buildpath/sysroots/x86_64-oesdk-linux/usr/bin/arm-xilinx-eabi --libexecdir=/usr/local/oe-sdk-hardcoded-buildpath/sysroots/x86_64-oesdk-linux/usr/libexec/arm-xilinx-eabi --datadir=/usr/local/oe-sdk-hardcoded-buildpath/sysroots/x86_64-oesdk-linux/usr/share --sysconfdir=/usr/local/oe-sdk-hardcoded-buildpath/sysroots/x86_64-oesdk-linux/etc --sharedstatedir=/usr/local/oe-sdk-hardcoded-buildpath/sysroots/x86_64-oesdk-linux/com --localstatedir=/usr/local/oe-sdk-hardcoded-buildpath/sysroots/x86_64-oesdk-linux/var --libdir=/usr/local/oe-sdk-hardcoded-buildpath/sysroots/x86_64-oesdk-linux/usr/lib/arm-xilinx-eabi --includedir=/usr/local/oe-sdk-hardcoded-buildpath/sysroots/x86_64-oesdk-linux/usr/include --oldincludedir=/usr/local/oe-sdk-hardcoded-buildpath/sysroots/x86_64-oesdk-linux/usr/include --infodir=/usr/local/oe-sdk-hardcoded-buildpath/sysroots/x86_64-oesdk-linux/usr/share/info --mandir=/usr/local/oe-sdk-hardcoded-buildpath/sysroots/x86_64-oesdk-linux/usr/share/man --disable-silent-rules --disable-dependency-tracking --with-libtool-sysroot=/host --with-gnu-ld --enable-shared --enable-languages=c,c++,fortran --enable-threads=posix --enable-multilib --enable-c99 --enable-long-long --enable-libstdcxx-pch --program-prefix=arm-xilinx-eabi- --without-local-prefix --disable-install-libiberty --disable-libssp --enable-libitm --enable-lto --disable-bootstrap --with-system-zlib --enable-linker-build-id --with-ppl=no --with-cloog=no --enable-checking=release --enable-cheaders=c_global --without-isl --with-gxx-include-dir=/not/exist/usr/include/c++/13.3.0 --with-build-time-tools=/host-native/usr/arm-xilinx-eabi/bin --with-sysroot=/not/exist --with-build-sysroot=/host --with-plugin-ld=ld --enable-poison-system-directories --disable-static --enable-nls --with-glibc-version=2.28 --enable-initfini-array --with-multilib-list=aprofile --enable-multilib --disable-libstdcxx-pch --with-newlib --disable-threads --enable-plugins --with-gnu-as --disable-libitm --disable-tm-clone-registry --with-sysroot=/not/exist]
  ignore line: [Thread model: single]
  ignore line: [Supported LTO compression algorithms: zlib zstd]
  ignore line: [gcc version 13.3.0 (GCC) ]
  ignore line: [COMPILER_PATH=/opt/Xilinx/2025.2/gnu/aarch32/lin/gcc-arm-none-eabi/x86_64-oesdk-linux/usr/bin/arm-xilinx-eabi/../../libexec/arm-xilinx-eabi/gcc/arm-xilinx-eabi/13.3.0/:/opt/Xilinx/2025.2/gnu/aarch32/lin/gcc-arm-none-eabi/x86_64-oesdk-linux/usr/bin/arm-xilinx-eabi/../../libexec/arm-xilinx-eabi/gcc/]
  ignore line: [LIBRARY_PATH=/opt/Xilinx/2025.2/Vitis/gnu/aarch32/lin/gcc-arm-none-eabi/bin/../aarch32-xilinx-eabi/usr/lib/thumb/v7-a+fp/hard/:/opt/Xilinx/2025.2/gnu/aarch32/lin/gcc-arm-none-eabi/x86_64-oesdk-linux/usr/bin/arm-xilinx-eabi/../../lib/arm-xilinx-eabi/gcc/arm-xilinx-eabi/13.3.0/:/opt/Xilinx/2025.2/gnu/aarch32/lin/gcc-arm-none-eabi/x86_64-oesdk-linux/usr/bin/arm-xilinx-eabi/../../lib/arm-xilinx-eabi/gcc/:/opt/Xilinx/2025.2/Vitis/gnu/aarch32/lin/gcc-arm-none-eabi/bin/../aarch32-xilinx-eabi/usr/lib/arm-xilinx-eabi/13.3.0/:/opt/Xilinx/2025.2/Vitis/gnu/aarch32/lin/gcc-arm-none-eabi/bin/../aarch32-xilinx-eabi/usr/lib/]
  ignore line: [COLLECT_GCC_OPTIONS='--sysroot=/opt/Xilinx/2025.2/Vitis/gnu/aarch32/lin/gcc-arm-none-eabi/bin/../aarch32-xilinx-eabi' '-D' 'SDT' '-mcpu=cortex-a9' '-mfpu=vfpv3' '-mfloat-abi=hard' '-MMD' '-MP' '-specs=/home/andylang/fpga/fm_modem/fm_modem_app_platform/ps7_cortexa9_0/standalone_ps7_cortexa9_0/bsp/Xilinx.spec' '-I' '/home/andylang/fpga/fm_modem/fm_modem_app_platform/ps7_cortexa9_0/standalone_ps7_cortexa9_0/bsp/include' '-v' '-o' 'cmTC_5060d' '-marm' '-mlibarch=armv7-a+mp+sec+vfpv3' '-march=armv7-a+mp+sec+vfpv3' '-dumpdir' 'cmTC_5060d.']
  link line: [ /opt/Xilinx/2025.2/gnu/aarch32/lin/gcc-arm-none-eabi/x86_64-oesdk-linux/usr/bin/arm-xilinx-eabi/../../libexec/arm-xilinx-eabi/gcc/arm-xilinx-eabi/13.3.0/collect2 -plugin /opt/Xilinx/2025.2/gnu/aarch32/lin/gcc-arm-none-eabi/x86_64-oesdk-linux/usr/bin/arm-xilinx-eabi/../../libexec/arm-xilinx-eabi/gcc/arm-xilinx-eabi/13.3.0/liblto_plugin.so -plugin-opt=/opt/Xilinx/2025.2/gnu/aarch32/lin/gcc-arm-none-eabi/x86_64-oesdk-linux/usr/bin/arm-xilinx-eabi/../../libexec/arm-xilinx-eabi/gcc/arm-xilinx-eabi/13.3.0/lto-wrapper -plugin-opt=-fresolution=/tmp/ccxXuCsc.res -plugin-opt=-pass-through=-lgcc -plugin-opt=-pass-through=-lc --sysroot=/opt/Xilinx/2025.2/Vitis/gnu/aarch32/lin/gcc-arm-none-eabi/bin/../aarch32-xilinx-eabi --build-id -X -o cmTC_5060d /opt/Xilinx/2025.2/Vitis/gnu/aarch32/lin/gcc-arm-none-eabi/bin/../aarch32-xilinx-eabi/usr/lib/thumb/v7-a+fp/hard/crti.o /opt/Xilinx/2025.2/Vitis/gnu/aarch32/lin/gcc-arm-none-eabi/bin/../aarch32-xilinx-eabi/usr/lib/thumb/v7-a+fp/hard/crtbegin.o -L/opt/Xilinx/2025.2/Vitis/gnu/aarch32/lin/gcc-arm-none-eabi/bin/../aarch32-xilinx-eabi/usr/lib/thumb/v7-a+fp/hard -L/opt/Xilinx/2025.2/gnu/aarch32/lin/gcc-arm-none-eabi/x86_64-oesdk-linux/usr/bin/arm-xilinx-eabi/../../lib/arm-xilinx-eabi/gcc/arm-xilinx-eabi/13.3.0 -L/opt/Xilinx/2025.2/gnu/aarch32/lin/gcc-arm-none-eabi/x86_64-oesdk-linux/usr/bin/arm-xilinx-eabi/../../lib/arm-xilinx-eabi/gcc -L/opt/Xilinx/2025.2/Vitis/gnu/aarch32/lin/gcc-arm-none-eabi/bin/../aarch32-xilinx-eabi/usr/lib/arm-xilinx-eabi/13.3.0 -L/opt/Xilinx/2025.2/Vitis/gnu/aarch32/lin/gcc-arm-none-eabi/bin/../aarch32-xilinx-eabi/usr/lib --no-warn-rwx-segment CMakeFiles/cmTC_5060d.dir/CMakeCXXCompilerABI.cpp.obj -lstdc++ -lm --start-group -lgcc -lc --end-group /opt/Xilinx/2025.2/Vitis/gnu/aarch32/lin/gcc-arm-none-eabi/bin/../aarch32-xilinx-eabi/usr/lib/thumb/v7-a+fp/hard/crtend.o /opt/Xilinx/2025.2/Vitis/gnu/aarch32/lin/gcc-arm-none-eabi/bin/../aarch32-xilinx-eabi/usr/lib/thumb/v7-a+fp/hard/crtn.o]
    arg [/opt/Xilinx/2025.2/gnu/aarch32/lin/gcc-arm-none-eabi/x86_64-oesdk-linux/usr/bin/arm-xilinx-eabi/../../libexec/arm-xilinx-eabi/gcc/arm-xilinx-eabi/13.3.0/collect2] ==> ignore
    arg [-plugin] ==> ignore
    arg [/opt/Xilinx/2025.2/gnu/aarch32/lin/gcc-arm-none-eabi/x86_64-oesdk-linux/usr/bin/arm-xilinx-eabi/../../libexec/arm-xilinx-eabi/gcc/arm-xilinx-eabi/13.3.0/liblto_plugin.so] ==> ignore
    arg [-plugin-opt=/opt/Xilinx/2025.2/gnu/aarch32/lin/gcc-arm-none-eabi/x86_64-oesdk-linux/usr/bin/arm-xilinx-eabi/../../libexec/arm-xilinx-eabi/gcc/arm-xilinx-eabi/13.3.0/lto-wrapper] ==> ignore
    arg [-plugin-opt=-fresolution=/tmp/ccxXuCsc.res] ==> ignore
    arg [-plugin-opt=-pass-through=-lgcc] ==> ignore
    arg [-plugin-opt=-pass-through=-lc] ==> ignore
    arg [--sysroot=/opt/Xilinx/2025.2/Vitis/gnu/aarch32/lin/gcc-arm-none-eabi/bin/../aarch32-xilinx-eabi] ==> ignore
    arg [--build-id] ==> ignore
    arg [-X] ==> ignore
    arg [-o] ==> ignore
    arg [cmTC_5060d] ==> ignore
    arg [/opt/Xilinx/2025.2/Vitis/gnu/aarch32/lin/gcc-arm-none-eabi/bin/../aarch32-xilinx-eabi/usr/lib/thumb/v7-a+fp/hard/crti.o] ==> obj [/opt/Xilinx/2025.2/Vitis/gnu/aarch32/lin/gcc-arm-none-eabi/bin/../aarch32-xilinx-eabi/usr/lib/thumb/v7-a+fp/hard/crti.o]
    arg [/opt/Xilinx/2025.2/Vitis/gnu/aarch32/lin/gcc-arm-none-eabi/bin/../aarch32-xilinx-eabi/usr/lib/thumb/v7-a+fp/hard/crtbegin.o] ==> obj [/opt/Xilinx/2025.2/Vitis/gnu/aarch32/lin/gcc-arm-none-eabi/bin/../aarch32-xilinx-eabi/usr/lib/thumb/v7-a+fp/hard/crtbegin.o]
    arg [-L/opt/Xilinx/2025.2/Vitis/gnu/aarch32/lin/gcc-arm-none-eabi/bin/../aarch32-xilinx-eabi/usr/lib/thumb/v7-a+fp/hard] ==> dir [/opt/Xilinx/2025.2/Vitis/gnu/aarch32/lin/gcc-arm-none-eabi/bin/../aarch32-xilinx-eabi/usr/lib/thumb/v7-a+fp/hard]
    arg [-L/opt/Xilinx/2025.2/gnu/aarch32/lin/gcc-arm-none-eabi/x86_64-oesdk-linux/usr/bin/arm-xilinx-eabi/../../lib/arm-xilinx-eabi/gcc/arm-xilinx-eabi/13.3.0] ==> dir [/opt/Xilinx/2025.2/gnu/aarch32/lin/gcc-arm-none-eabi/x86_64-oesdk-linux/usr/bin/arm-xilinx-eabi/../../lib/arm-xilinx-eabi/gcc/arm-xilinx-eabi/13.3.0]
    arg [-L/opt/Xilinx/2025.2/gnu/aarch32/lin/gcc-arm-none-eabi/x86_64-oesdk-linux/usr/bin/arm-xilinx-eabi/../../lib/arm-xilinx-eabi/gcc] ==> dir [/opt/Xilinx/2025.2/gnu/aarch32/lin/gcc-arm-none-eabi/x86_64-oesdk-linux/usr/bin/arm-xilinx-eabi/../../lib/arm-xilinx-eabi/gcc]
    arg [-L/opt/Xilinx/2025.2/Vitis/gnu/aarch32/lin/gcc-arm-none-eabi/bin/../aarch32-xilinx-eabi/usr/lib/arm-xilinx-eabi/13.3.0] ==> dir [/opt/Xilinx/2025.2/Vitis/gnu/aarch32/lin/gcc-arm-none-eabi/bin/../aarch32-xilinx-eabi/usr/lib/arm-xilinx-eabi/13.3.0]
    arg [-L/opt/Xilinx/2025.2/Vitis/gnu/aarch32/lin/gcc-arm-none-eabi/bin/../aarch32-xilinx-eabi/usr/lib] ==> dir [/opt/Xilinx/2025.2/Vitis/gnu/aarch32/lin/gcc-arm-none-eabi/bin/../aarch32-xilinx-eabi/usr/lib]
    arg [--no-warn-rwx-segment] ==> ignore
    arg [CMakeFiles/cmTC_5060d.dir/CMakeCXXCompilerABI.cpp.obj] ==> ignore
    arg [-lstdc++] ==> lib [stdc++]
    arg [-lm] ==> lib [m]
    arg [--start-group] ==> ignore
    arg [-lgcc] ==> lib [gcc]
    arg [-lc] ==> lib [c]
    arg [--end-group] ==> ignore
    arg [/opt/Xilinx/2025.2/Vitis/gnu/aarch32/lin/gcc-arm-none-eabi/bin/../aarch32-xilinx-eabi/usr/lib/thumb/v7-a+fp/hard/crtend.o] ==> obj [/opt/Xilinx/2025.2/Vitis/gnu/aarch32/lin/gcc-arm-none-eabi/bin/../aarch32-xilinx-eabi/usr/lib/thumb/v7-a+fp/hard/crtend.o]
    arg [/opt/Xilinx/2025.2/Vitis/gnu/aarch32/lin/gcc-arm-none-eabi/bin/../aarch32-xilinx-eabi/usr/lib/thumb/v7-a+fp/hard/crtn.o] ==> obj [/opt/Xilinx/2025.2/Vitis/gnu/aarch32/lin/gcc-arm-none-eabi/bin/../aarch32-xilinx-eabi/usr/lib/thumb/v7-a+fp/hard/crtn.o]
  collapse obj [/opt/Xilinx/2025.2/Vitis/gnu/aarch32/lin/gcc-arm-none-eabi/bin/../aarch32-xilinx-eabi/usr/lib/thumb/v7-a+fp/hard/crti.o] ==> [/opt/Xilinx/2025.2/Vitis/gnu/aarch32/lin/gcc-arm-none-eabi/aarch32-xilinx-eabi/usr/lib/thumb/v7-a+fp/hard/crti.o]
  collapse obj [/opt/Xilinx/2025.2/Vitis/gnu/aarch32/lin/gcc-arm-none-eabi/bin/../aarch32-xilinx-eabi/usr/lib/thumb/v7-a+fp/hard/crtbegin.o] ==> [/opt/Xilinx/2025.2/Vitis/gnu/aarch32/lin/gcc-arm-none-eabi/aarch32-xilinx-eabi/usr/lib/thumb/v7-a+fp/hard/crtbegin.o]
  collapse obj [/opt/Xilinx/2025.2/Vitis/gnu/aarch32/lin/gcc-arm-none-eabi/bin/../aarch32-xilinx-eabi/usr/lib/thumb/v7-a+fp/hard/crtend.o] ==> [/opt/Xilinx/2025.2/Vitis/gnu/aarch32/lin/gcc-arm-none-eabi/aarch32-xilinx-eabi/usr/lib/thumb/v7-a+fp/hard/crtend.o]
  collapse obj [/opt/Xilinx/2025.2/Vitis/gnu/aarch32/lin/gcc-arm-none-eabi/bin/../aarch32-xilinx-eabi/usr/lib/thumb/v7-a+fp/hard/crtn.o] ==> [/opt/Xilinx/2025.2/Vitis/gnu/aarch32/lin/gcc-arm-none-eabi/aarch32-xilinx-eabi/usr/lib/thumb/v7-a+fp/hard/crtn.o]
  collapse library dir [/opt/Xilinx/2025.2/Vitis/gnu/aarch32/lin/gcc-arm-none-eabi/bin/../aarch32-xilinx-eabi/usr/lib/thumb/v7-a+fp/hard] ==> [/opt/Xilinx/2025.2/Vitis/gnu/aarch32/lin/gcc-arm-none-eabi/aarch32-xilinx-eabi/usr/lib/thumb/v7-a+fp/hard]
  collapse library dir [/opt/Xilinx/2025.2/gnu/aarch32/lin/gcc-arm-none-eabi/x86_64-oesdk-linux/usr/bin/arm-xilinx-eabi/../../lib/arm-xilinx-eabi/gcc/arm-xilinx-eabi/13.3.0] ==> [/opt/Xilinx/2025.2/gnu/aarch32/lin/gcc-arm-none-eabi/x86_64-oesdk-linux/usr/lib/arm-xilinx-eabi/gcc/arm-xilinx-eabi/13.3.0]
  collapse library dir [/opt/Xilinx/2025.2/gnu/aarch32/lin/gcc-arm-none-eabi/x86_64-oesdk-linux/usr/bin/arm-xilinx-eabi/../../lib/arm-xilinx-eabi/gcc] ==> [/opt/Xilinx/2025.2/gnu/aarch32/lin/gcc-arm-none-eabi/x86_64-oesdk-linux/usr/lib/arm-xilinx-eabi/gcc]
  collapse library dir [/opt/Xilinx/2025.2/Vitis/gnu/aarch32/lin/gcc-arm-none-eabi/bin/../aarch32-xilinx-eabi/usr/lib/arm-xilinx-eabi/13.3.0] ==> [/opt/Xilinx/2025.2/Vitis/gnu/aarch32/lin/gcc-arm-none-eabi/aarch32-xilinx-eabi/usr/lib/arm-xilinx-eabi/13.3.0]
  collapse library dir [/opt/Xilinx/2025.2/Vitis/gnu/aarch32/lin/gcc-arm-none-eabi/bin/../aarch32-xilinx-eabi/usr/lib] ==> [/opt/Xilinx/2025.2/Vitis/gnu/aarch32/lin/gcc-arm-none-eabi/aarch32-xilinx-eabi/usr/lib]
  implicit libs: [stdc++;m;gcc;c]
  implicit objs: [/opt/Xilinx/2025.2/Vitis/gnu/aarch32/lin/gcc-arm-none-eabi/aarch32-xilinx-eabi/usr/lib/thumb/v7-a+fp/hard/crti.o;/opt/Xilinx/2025.2/Vitis/gnu/aarch32/lin/gcc-arm-none-eabi/aarch32-xilinx-eabi/usr/lib/thumb/v7-a+fp/hard/crtbegin.o;/opt/Xilinx/2025.2/Vitis/gnu/aarch32/lin/gcc-arm-none-eabi/aarch32-xilinx-eabi/usr/lib/thumb/v7-a+fp/hard/crtend.o;/opt/Xilinx/2025.2/Vitis/gnu/aarch32/lin/gcc-arm-none-eabi/aarch32-xilinx-eabi/usr/lib/thumb/v7-a+fp/hard/crtn.o]
  implicit dirs: [/opt/Xilinx/2025.2/Vitis/gnu/aarch32/lin/gcc-arm-none-eabi/aarch32-xilinx-eabi/usr/lib/thumb/v7-a+fp/hard;/opt/Xilinx/2025.2/gnu/aarch32/lin/gcc-arm-none-eabi/x86_64-oesdk-linux/usr/lib/arm-xilinx-eabi/gcc/arm-xilinx-eabi/13.3.0;/opt/Xilinx/2025.2/gnu/aarch32/lin/gcc-arm-none-eabi/x86_64-oesdk-linux/usr/lib/arm-xilinx-eabi/gcc;/opt/Xilinx/2025.2/Vitis/gnu/aarch32/lin/gcc-arm-none-eabi/aarch32-xilinx-eabi/usr/lib/arm-xilinx-eabi/13.3.0;/opt/Xilinx/2025.2/Vitis/gnu/aarch32/lin/gcc-arm-none-eabi/aarch32-xilinx-eabi/usr/lib]
  implicit fwks: []


Checking whether the ASM compiler is GNU using "--version" matched "(GNU assembler)|(GCC)|(Free Software Foundation)":
arm-xilinx-eabi-gcc.real (GCC) 13.3.0
Copyright (C) 2023 Free Software Foundation, Inc.
This is free software; see the source for copying conditions.  There is NO
warranty; not even for MERCHANTABILITY or FITNESS FOR A PARTICULAR PURPOSE.

